16:36:13 **** Incremental Build of configuration Debug for project PruebasMotores ****
make clean all 
rm -rf ./Core/Startup/startup_stm32f411retx.d ./Core/Startup/startup_stm32f411retx.o
rm -rf ./Core/Src/syscalls.d ./Core/Src/syscalls.o ./Core/Src/syscalls.su ./Core/Src/sysmem.d ./Core/Src/sysmem.o ./Core/Src/sysmem.su
rm -rf ./App/Src/tunningThePID.d ./App/Src/tunningThePID.o ./App/Src/tunningThePID.su
rm -rf PruebasMotores.elf PruebasMotores.list PruebasMotores.map default.size.stdout
 
arm-none-eabi-gcc -mcpu=cortex-m4 -g3 -DDEBUG -c -x assembler-with-cpp -MMD -MP -MF"Core/Startup/startup_stm32f411retx.d" -MT"Core/Startup/startup_stm32f411retx.o" --specs=nano.specs -mfpu=fpv4-sp-d16 -mfloat-abi=hard -mthumb -o "Core/Startup/startup_stm32f411retx.o" "../Core/Startup/startup_stm32f411retx.s"
arm-none-eabi-gcc "../Core/Src/syscalls.c" -mcpu=cortex-m4 -std=gnu11 -g3 -DDEBUG -DSTM32 -DSTM32F4 -DSTM32F411RETx -DSTM32F411xE -c -I"/home/daniel/Robotica/RTOS_workspace/PruebasMotores/Drivers/Core/Include" -I"/home/daniel/Robotica/RTOS_workspace/PruebasMotores/Drivers/Device/ST/STM32F4xx/Include" -I"/home/daniel/Robotica/RTOS_workspace/CMSIS-PeripheralDrivers/Inc" -I"/home/daniel/Robotica/RTOS_workspace/PruebasMotores/App/Inc" -I"/home/daniel/Robotica/RTOS_workspace/CMSIS-Full/Inc" -O0 -ffunction-sections -fdata-sections -Wall -fstack-usage -MMD -MP -MF"Core/Src/syscalls.d" -MT"Core/Src/syscalls.o" --specs=nano.specs -mfpu=fpv4-sp-d16 -mfloat-abi=hard -mthumb -o "Core/Src/syscalls.o"
arm-none-eabi-gcc "../Core/Src/sysmem.c" -mcpu=cortex-m4 -std=gnu11 -g3 -DDEBUG -DSTM32 -DSTM32F4 -DSTM32F411RETx -DSTM32F411xE -c -I"/home/daniel/Robotica/RTOS_workspace/PruebasMotores/Drivers/Core/Include" -I"/home/daniel/Robotica/RTOS_workspace/PruebasMotores/Drivers/Device/ST/STM32F4xx/Include" -I"/home/daniel/Robotica/RTOS_workspace/CMSIS-PeripheralDrivers/Inc" -I"/home/daniel/Robotica/RTOS_workspace/PruebasMotores/App/Inc" -I"/home/daniel/Robotica/RTOS_workspace/CMSIS-Full/Inc" -O0 -ffunction-sections -fdata-sections -Wall -fstack-usage -MMD -MP -MF"Core/Src/sysmem.d" -MT"Core/Src/sysmem.o" --specs=nano.specs -mfpu=fpv4-sp-d16 -mfloat-abi=hard -mthumb -o "Core/Src/sysmem.o"
arm-none-eabi-gcc "../App/Src/tunningThePID.c" -mcpu=cortex-m4 -std=gnu11 -g3 -DDEBUG -DSTM32 -DSTM32F4 -DSTM32F411RETx -DSTM32F411xE -c -I"/home/daniel/Robotica/RTOS_workspace/PruebasMotores/Drivers/Core/Include" -I"/home/daniel/Robotica/RTOS_workspace/PruebasMotores/Drivers/Device/ST/STM32F4xx/Include" -I"/home/daniel/Robotica/RTOS_workspace/CMSIS-PeripheralDrivers/Inc" -I"/home/daniel/Robotica/RTOS_workspace/PruebasMotores/App/Inc" -I"/home/daniel/Robotica/RTOS_workspace/CMSIS-Full/Inc" -O0 -ffunction-sections -fdata-sections -Wall -fstack-usage -MMD -MP -MF"App/Src/tunningThePID.d" -MT"App/Src/tunningThePID.o" --specs=nano.specs -mfpu=fpv4-sp-d16 -mfloat-abi=hard -mthumb -o "App/Src/tunningThePID.o"
arm-none-eabi-gcc -o "PruebasMotores.elf" @"objects.list"  -lCMSIS-PeripheralDrivers -lCMSIS-Full -mcpu=cortex-m4 -T"/home/daniel/Robotica/RTOS_workspace/PruebasMotores/STM32F411RETX_FLASH.ld" --specs=nosys.specs -Wl,-Map="PruebasMotores.map" -Wl,--gc-sections -static -L"/home/daniel/Robotica/RTOS_workspace/CMSIS-PeripheralDrivers/Debug" -L"/home/daniel/Robotica/RTOS_workspace/CMSIS-Full/Debug" --specs=nano.specs -mfpu=fpv4-sp-d16 -mfloat-abi=hard -mthumb -u _printf_float -u _scanf_float -Wl,--start-group -lc -lm -Wl,--end-group
Finished building target: PruebasMotores.elf
 
arm-none-eabi-size   PruebasMotores.elf 
   text	   data	    bss	    dec	    hex	filename
  46500	    560	   2688	  49748	   c254	PruebasMotores.elf
Finished building: default.size.stdout
 
arm-none-eabi-objdump -h -S  PruebasMotores.elf  > "PruebasMotores.list"
Finished building: PruebasMotores.list
 
16:36:29 **** Incremental Build of configuration Debug for project PruebasMotores ****
make clean all 
rm -rf ./Core/Startup/startup_stm32f411retx.d ./Core/Startup/startup_stm32f411retx.o
rm -rf ./Core/Src/syscalls.d ./Core/Src/syscalls.o ./Core/Src/syscalls.su ./Core/Src/sysmem.d ./Core/Src/sysmem.o ./Core/Src/sysmem.su
rm -rf ./App/Src/tunningThePID.d ./App/Src/tunningThePID.o ./App/Src/tunningThePID.su
rm -rf PruebasMotores.elf PruebasMotores.list PruebasMotores.map default.size.stdout
 
arm-none-eabi-gcc -mcpu=cortex-m4 -g3 -DDEBUG -c -x assembler-with-cpp -MMD -MP -MF"Core/Startup/startup_stm32f411retx.d" -MT"Core/Startup/startup_stm32f411retx.o" --specs=nano.specs -mfpu=fpv4-sp-d16 -mfloat-abi=hard -mthumb -o "Core/Startup/startup_stm32f411retx.o" "../Core/Startup/startup_stm32f411retx.s"
arm-none-eabi-gcc "../Core/Src/syscalls.c" -mcpu=cortex-m4 -std=gnu11 -g3 -DDEBUG -DSTM32 -DSTM32F4 -DSTM32F411RETx -DSTM32F411xE -c -I"/home/daniel/Robotica/RTOS_workspace/PruebasMotores/Drivers/Core/Include" -I"/home/daniel/Robotica/RTOS_workspace/PruebasMotores/Drivers/Device/ST/STM32F4xx/Include" -I"/home/daniel/Robotica/RTOS_workspace/CMSIS-PeripheralDrivers/Inc" -I"/home/daniel/Robotica/RTOS_workspace/PruebasMotores/App/Inc" -I"/home/daniel/Robotica/RTOS_workspace/CMSIS-Full/Inc" -O0 -ffunction-sections -fdata-sections -Wall -fstack-usage -MMD -MP -MF"Core/Src/syscalls.d" -MT"Core/Src/syscalls.o" --specs=nano.specs -mfpu=fpv4-sp-d16 -mfloat-abi=hard -mthumb -o "Core/Src/syscalls.o"
arm-none-eabi-gcc "../Core/Src/sysmem.c" -mcpu=cortex-m4 -std=gnu11 -g3 -DDEBUG -DSTM32 -DSTM32F4 -DSTM32F411RETx -DSTM32F411xE -c -I"/home/daniel/Robotica/RTOS_workspace/PruebasMotores/Drivers/Core/Include" -I"/home/daniel/Robotica/RTOS_workspace/PruebasMotores/Drivers/Device/ST/STM32F4xx/Include" -I"/home/daniel/Robotica/RTOS_workspace/CMSIS-PeripheralDrivers/Inc" -I"/home/daniel/Robotica/RTOS_workspace/PruebasMotores/App/Inc" -I"/home/daniel/Robotica/RTOS_workspace/CMSIS-Full/Inc" -O0 -ffunction-sections -fdata-sections -Wall -fstack-usage -MMD -MP -MF"Core/Src/sysmem.d" -MT"Core/Src/sysmem.o" --specs=nano.specs -mfpu=fpv4-sp-d16 -mfloat-abi=hard -mthumb -o "Core/Src/sysmem.o"
arm-none-eabi-gcc "../App/Src/tunningThePID.c" -mcpu=cortex-m4 -std=gnu11 -g3 -DDEBUG -DSTM32 -DSTM32F4 -DSTM32F411RETx -DSTM32F411xE -c -I"/home/daniel/Robotica/RTOS_workspace/PruebasMotores/Drivers/Core/Include" -I"/home/daniel/Robotica/RTOS_workspace/PruebasMotores/Drivers/Device/ST/STM32F4xx/Include" -I"/home/daniel/Robotica/RTOS_workspace/CMSIS-PeripheralDrivers/Inc" -I"/home/daniel/Robotica/RTOS_workspace/PruebasMotores/App/Inc" -I"/home/daniel/Robotica/RTOS_workspace/CMSIS-Full/Inc" -O0 -ffunction-sections -fdata-sections -Wall -fstack-usage -MMD -MP -MF"App/Src/tunningThePID.d" -MT"App/Src/tunningThePID.o" --specs=nano.specs -mfpu=fpv4-sp-d16 -mfloat-abi=hard -mthumb -o "App/Src/tunningThePID.o"
arm-none-eabi-gcc -o "PruebasMotores.elf" @"objects.list"  -lCMSIS-PeripheralDrivers -lCMSIS-Full -mcpu=cortex-m4 -T"/home/daniel/Robotica/RTOS_workspace/PruebasMotores/STM32F411RETX_FLASH.ld" --specs=nosys.specs -Wl,-Map="PruebasMotores.map" -Wl,--gc-sections -static -L"/home/daniel/Robotica/RTOS_workspace/CMSIS-PeripheralDrivers/Debug" -L"/home/daniel/Robotica/RTOS_workspace/CMSIS-Full/Debug" --specs=nano.specs -mfpu=fpv4-sp-d16 -mfloat-abi=hard -mthumb -u _printf_float -u _scanf_float -Wl,--start-group -lc -lm -Wl,--end-group
Finished building target: PruebasMotores.elf
 
arm-none-eabi-size   PruebasMotores.elf 
   text	   data	    bss	    dec	    hex	filename
  46500	    560	   2688	  49748	   c254	PruebasMotores.elf
Finished building: default.size.stdout
 
arm-none-eabi-objdump -h -S  PruebasMotores.elf  > "PruebasMotores.list"
Finished building: PruebasMotores.list
 
16:46:43 **** Incremental Build of configuration Debug for project PruebasMotores ****
make clean all 
rm -rf ./Core/Startup/startup_stm32f411retx.d ./Core/Startup/startup_stm32f411retx.o
rm -rf ./Core/Src/syscalls.d ./Core/Src/syscalls.o ./Core/Src/syscalls.su ./Core/Src/sysmem.d ./Core/Src/sysmem.o ./Core/Src/sysmem.su
rm -rf ./App/Src/tunningThePID.d ./App/Src/tunningThePID.o ./App/Src/tunningThePID.su
rm -rf PruebasMotores.elf PruebasMotores.list PruebasMotores.map default.size.stdout
 
arm-none-eabi-gcc -mcpu=cortex-m4 -g3 -DDEBUG -c -x assembler-with-cpp -MMD -MP -MF"Core/Startup/startup_stm32f411retx.d" -MT"Core/Startup/startup_stm32f411retx.o" --specs=nano.specs -mfpu=fpv4-sp-d16 -mfloat-abi=hard -mthumb -o "Core/Startup/startup_stm32f411retx.o" "../Core/Startup/startup_stm32f411retx.s"
arm-none-eabi-gcc "../Core/Src/syscalls.c" -mcpu=cortex-m4 -std=gnu11 -g3 -DDEBUG -DSTM32 -DSTM32F4 -DSTM32F411RETx -DSTM32F411xE -c -I"/home/daniel/Robotica/RTOS_workspace/PruebasMotores/Drivers/Core/Include" -I"/home/daniel/Robotica/RTOS_workspace/PruebasMotores/Drivers/Device/ST/STM32F4xx/Include" -I"/home/daniel/Robotica/RTOS_workspace/CMSIS-PeripheralDrivers/Inc" -I"/home/daniel/Robotica/RTOS_workspace/PruebasMotores/App/Inc" -I"/home/daniel/Robotica/RTOS_workspace/CMSIS-Full/Inc" -O0 -ffunction-sections -fdata-sections -Wall -fstack-usage -MMD -MP -MF"Core/Src/syscalls.d" -MT"Core/Src/syscalls.o" --specs=nano.specs -mfpu=fpv4-sp-d16 -mfloat-abi=hard -mthumb -o "Core/Src/syscalls.o"
arm-none-eabi-gcc "../Core/Src/sysmem.c" -mcpu=cortex-m4 -std=gnu11 -g3 -DDEBUG -DSTM32 -DSTM32F4 -DSTM32F411RETx -DSTM32F411xE -c -I"/home/daniel/Robotica/RTOS_workspace/PruebasMotores/Drivers/Core/Include" -I"/home/daniel/Robotica/RTOS_workspace/PruebasMotores/Drivers/Device/ST/STM32F4xx/Include" -I"/home/daniel/Robotica/RTOS_workspace/CMSIS-PeripheralDrivers/Inc" -I"/home/daniel/Robotica/RTOS_workspace/PruebasMotores/App/Inc" -I"/home/daniel/Robotica/RTOS_workspace/CMSIS-Full/Inc" -O0 -ffunction-sections -fdata-sections -Wall -fstack-usage -MMD -MP -MF"Core/Src/sysmem.d" -MT"Core/Src/sysmem.o" --specs=nano.specs -mfpu=fpv4-sp-d16 -mfloat-abi=hard -mthumb -o "Core/Src/sysmem.o"
arm-none-eabi-gcc "../App/Src/tunningThePID.c" -mcpu=cortex-m4 -std=gnu11 -g3 -DDEBUG -DSTM32 -DSTM32F4 -DSTM32F411RETx -DSTM32F411xE -c -I"/home/daniel/Robotica/RTOS_workspace/PruebasMotores/Drivers/Core/Include" -I"/home/daniel/Robotica/RTOS_workspace/PruebasMotores/Drivers/Device/ST/STM32F4xx/Include" -I"/home/daniel/Robotica/RTOS_workspace/CMSIS-PeripheralDrivers/Inc" -I"/home/daniel/Robotica/RTOS_workspace/PruebasMotores/App/Inc" -I"/home/daniel/Robotica/RTOS_workspace/CMSIS-Full/Inc" -O0 -ffunction-sections -fdata-sections -Wall -fstack-usage -MMD -MP -MF"App/Src/tunningThePID.d" -MT"App/Src/tunningThePID.o" --specs=nano.specs -mfpu=fpv4-sp-d16 -mfloat-abi=hard -mthumb -o "App/Src/tunningThePID.o"
arm-none-eabi-gcc -o "PruebasMotores.elf" @"objects.list"  -lCMSIS-PeripheralDrivers -lCMSIS-Full -mcpu=cortex-m4 -T"/home/daniel/Robotica/RTOS_workspace/PruebasMotores/STM32F411RETX_FLASH.ld" --specs=nosys.specs -Wl,-Map="PruebasMotores.map" -Wl,--gc-sections -static -L"/home/daniel/Robotica/RTOS_workspace/CMSIS-PeripheralDrivers/Debug" -L"/home/daniel/Robotica/RTOS_workspace/CMSIS-Full/Debug" --specs=nano.specs -mfpu=fpv4-sp-d16 -mfloat-abi=hard -mthumb -u _printf_float -u _scanf_float -Wl,--start-group -lc -lm -Wl,--end-group
Finished building target: PruebasMotores.elf
 
arm-none-eabi-size   PruebasMotores.elf 
   text	   data	    bss	    dec	    hex	filename
  46500	    560	   2688	  49748	   c254	PruebasMotores.elf
Finished building: default.size.stdout
 
arm-none-eabi-objdump -h -S  PruebasMotores.elf  > "PruebasMotores.list"
Finished building: PruebasMotores.list
 
17:06:34 **** Incremental Build of configuration Debug for project PruebasMotores ****
make clean all 
rm -rf ./Core/Startup/startup_stm32f411retx.d ./Core/Startup/startup_stm32f411retx.o
rm -rf ./Core/Src/syscalls.d ./Core/Src/syscalls.o ./Core/Src/syscalls.su ./Core/Src/sysmem.d ./Core/Src/sysmem.o ./Core/Src/sysmem.su
rm -rf ./App/Src/tunningThePID.d ./App/Src/tunningThePID.o ./App/Src/tunningThePID.su
rm -rf PruebasMotores.elf PruebasMotores.list PruebasMotores.map default.size.stdout
 
arm-none-eabi-gcc -mcpu=cortex-m4 -g3 -DDEBUG -c -x assembler-with-cpp -MMD -MP -MF"Core/Startup/startup_stm32f411retx.d" -MT"Core/Startup/startup_stm32f411retx.o" --specs=nano.specs -mfpu=fpv4-sp-d16 -mfloat-abi=hard -mthumb -o "Core/Startup/startup_stm32f411retx.o" "../Core/Startup/startup_stm32f411retx.s"
arm-none-eabi-gcc "../Core/Src/syscalls.c" -mcpu=cortex-m4 -std=gnu11 -g3 -DDEBUG -DSTM32 -DSTM32F4 -DSTM32F411RETx -DSTM32F411xE -c -I"/home/daniel/Robotica/RTOS_workspace/PruebasMotores/Drivers/Core/Include" -I"/home/daniel/Robotica/RTOS_workspace/PruebasMotores/Drivers/Device/ST/STM32F4xx/Include" -I"/home/daniel/Robotica/RTOS_workspace/CMSIS-PeripheralDrivers/Inc" -I"/home/daniel/Robotica/RTOS_workspace/PruebasMotores/App/Inc" -I"/home/daniel/Robotica/RTOS_workspace/CMSIS-Full/Inc" -O0 -ffunction-sections -fdata-sections -Wall -fstack-usage -MMD -MP -MF"Core/Src/syscalls.d" -MT"Core/Src/syscalls.o" --specs=nano.specs -mfpu=fpv4-sp-d16 -mfloat-abi=hard -mthumb -o "Core/Src/syscalls.o"
arm-none-eabi-gcc "../Core/Src/sysmem.c" -mcpu=cortex-m4 -std=gnu11 -g3 -DDEBUG -DSTM32 -DSTM32F4 -DSTM32F411RETx -DSTM32F411xE -c -I"/home/daniel/Robotica/RTOS_workspace/PruebasMotores/Drivers/Core/Include" -I"/home/daniel/Robotica/RTOS_workspace/PruebasMotores/Drivers/Device/ST/STM32F4xx/Include" -I"/home/daniel/Robotica/RTOS_workspace/CMSIS-PeripheralDrivers/Inc" -I"/home/daniel/Robotica/RTOS_workspace/PruebasMotores/App/Inc" -I"/home/daniel/Robotica/RTOS_workspace/CMSIS-Full/Inc" -O0 -ffunction-sections -fdata-sections -Wall -fstack-usage -MMD -MP -MF"Core/Src/sysmem.d" -MT"Core/Src/sysmem.o" --specs=nano.specs -mfpu=fpv4-sp-d16 -mfloat-abi=hard -mthumb -o "Core/Src/sysmem.o"
arm-none-eabi-gcc "../App/Src/tunningThePID.c" -mcpu=cortex-m4 -std=gnu11 -g3 -DDEBUG -DSTM32 -DSTM32F4 -DSTM32F411RETx -DSTM32F411xE -c -I"/home/daniel/Robotica/RTOS_workspace/PruebasMotores/Drivers/Core/Include" -I"/home/daniel/Robotica/RTOS_workspace/PruebasMotores/Drivers/Device/ST/STM32F4xx/Include" -I"/home/daniel/Robotica/RTOS_workspace/CMSIS-PeripheralDrivers/Inc" -I"/home/daniel/Robotica/RTOS_workspace/PruebasMotores/App/Inc" -I"/home/daniel/Robotica/RTOS_workspace/CMSIS-Full/Inc" -O0 -ffunction-sections -fdata-sections -Wall -fstack-usage -MMD -MP -MF"App/Src/tunningThePID.d" -MT"App/Src/tunningThePID.o" --specs=nano.specs -mfpu=fpv4-sp-d16 -mfloat-abi=hard -mthumb -o "App/Src/tunningThePID.o"
arm-none-eabi-gcc -o "PruebasMotores.elf" @"objects.list"  -lCMSIS-PeripheralDrivers -lCMSIS-Full -mcpu=cortex-m4 -T"/home/daniel/Robotica/RTOS_workspace/PruebasMotores/STM32F411RETX_FLASH.ld" --specs=nosys.specs -Wl,-Map="PruebasMotores.map" -Wl,--gc-sections -static -L"/home/daniel/Robotica/RTOS_workspace/CMSIS-PeripheralDrivers/Debug" -L"/home/daniel/Robotica/RTOS_workspace/CMSIS-Full/Debug" --specs=nano.specs -mfpu=fpv4-sp-d16 -mfloat-abi=hard -mthumb -u _printf_float -u _scanf_float -Wl,--start-group -lc -lm -Wl,--end-group
Finished building target: PruebasMotores.elf
 
arm-none-eabi-size   PruebasMotores.elf 
   text	   data	    bss	    dec	    hex	filename
  46508	    560	   2688	  49756	   c25c	PruebasMotores.elf
Finished building: default.size.stdout
 
arm-none-eabi-objdump -h -S  PruebasMotores.elf  > "PruebasMotores.list"
Finished building: PruebasMotores.list
 
17:09:43 **** Incremental Build of configuration Debug for project PruebasMotores ****
make clean all 
rm -rf ./Core/Startup/startup_stm32f411retx.d ./Core/Startup/startup_stm32f411retx.o
rm -rf ./Core/Src/syscalls.d ./Core/Src/syscalls.o ./Core/Src/syscalls.su ./Core/Src/sysmem.d ./Core/Src/sysmem.o ./Core/Src/sysmem.su
rm -rf ./App/Src/tunningThePID.d ./App/Src/tunningThePID.o ./App/Src/tunningThePID.su
rm -rf PruebasMotores.elf PruebasMotores.list PruebasMotores.map default.size.stdout
 
arm-none-eabi-gcc -mcpu=cortex-m4 -g3 -DDEBUG -c -x assembler-with-cpp -MMD -MP -MF"Core/Startup/startup_stm32f411retx.d" -MT"Core/Startup/startup_stm32f411retx.o" --specs=nano.specs -mfpu=fpv4-sp-d16 -mfloat-abi=hard -mthumb -o "Core/Startup/startup_stm32f411retx.o" "../Core/Startup/startup_stm32f411retx.s"
arm-none-eabi-gcc "../Core/Src/syscalls.c" -mcpu=cortex-m4 -std=gnu11 -g3 -DDEBUG -DSTM32 -DSTM32F4 -DSTM32F411RETx -DSTM32F411xE -c -I"/home/daniel/Robotica/RTOS_workspace/PruebasMotores/Drivers/Core/Include" -I"/home/daniel/Robotica/RTOS_workspace/PruebasMotores/Drivers/Device/ST/STM32F4xx/Include" -I"/home/daniel/Robotica/RTOS_workspace/CMSIS-PeripheralDrivers/Inc" -I"/home/daniel/Robotica/RTOS_workspace/PruebasMotores/App/Inc" -I"/home/daniel/Robotica/RTOS_workspace/CMSIS-Full/Inc" -O0 -ffunction-sections -fdata-sections -Wall -fstack-usage -MMD -MP -MF"Core/Src/syscalls.d" -MT"Core/Src/syscalls.o" --specs=nano.specs -mfpu=fpv4-sp-d16 -mfloat-abi=hard -mthumb -o "Core/Src/syscalls.o"
arm-none-eabi-gcc "../Core/Src/sysmem.c" -mcpu=cortex-m4 -std=gnu11 -g3 -DDEBUG -DSTM32 -DSTM32F4 -DSTM32F411RETx -DSTM32F411xE -c -I"/home/daniel/Robotica/RTOS_workspace/PruebasMotores/Drivers/Core/Include" -I"/home/daniel/Robotica/RTOS_workspace/PruebasMotores/Drivers/Device/ST/STM32F4xx/Include" -I"/home/daniel/Robotica/RTOS_workspace/CMSIS-PeripheralDrivers/Inc" -I"/home/daniel/Robotica/RTOS_workspace/PruebasMotores/App/Inc" -I"/home/daniel/Robotica/RTOS_workspace/CMSIS-Full/Inc" -O0 -ffunction-sections -fdata-sections -Wall -fstack-usage -MMD -MP -MF"Core/Src/sysmem.d" -MT"Core/Src/sysmem.o" --specs=nano.specs -mfpu=fpv4-sp-d16 -mfloat-abi=hard -mthumb -o "Core/Src/sysmem.o"
arm-none-eabi-gcc "../App/Src/tunningThePID.c" -mcpu=cortex-m4 -std=gnu11 -g3 -DDEBUG -DSTM32 -DSTM32F4 -DSTM32F411RETx -DSTM32F411xE -c -I"/home/daniel/Robotica/RTOS_workspace/PruebasMotores/Drivers/Core/Include" -I"/home/daniel/Robotica/RTOS_workspace/PruebasMotores/Drivers/Device/ST/STM32F4xx/Include" -I"/home/daniel/Robotica/RTOS_workspace/CMSIS-PeripheralDrivers/Inc" -I"/home/daniel/Robotica/RTOS_workspace/PruebasMotores/App/Inc" -I"/home/daniel/Robotica/RTOS_workspace/CMSIS-Full/Inc" -O0 -ffunction-sections -fdata-sections -Wall -fstack-usage -MMD -MP -MF"App/Src/tunningThePID.d" -MT"App/Src/tunningThePID.o" --specs=nano.specs -mfpu=fpv4-sp-d16 -mfloat-abi=hard -mthumb -o "App/Src/tunningThePID.o"
arm-none-eabi-gcc -o "PruebasMotores.elf" @"objects.list"  -lCMSIS-PeripheralDrivers -lCMSIS-Full -mcpu=cortex-m4 -T"/home/daniel/Robotica/RTOS_workspace/PruebasMotores/STM32F411RETX_FLASH.ld" --specs=nosys.specs -Wl,-Map="PruebasMotores.map" -Wl,--gc-sections -static -L"/home/daniel/Robotica/RTOS_workspace/CMSIS-PeripheralDrivers/Debug" -L"/home/daniel/Robotica/RTOS_workspace/CMSIS-Full/Debug" --specs=nano.specs -mfpu=fpv4-sp-d16 -mfloat-abi=hard -mthumb -u _printf_float -u _scanf_float -Wl,--start-group -lc -lm -Wl,--end-group
Finished building target: PruebasMotores.elf
 
arm-none-eabi-size   PruebasMotores.elf 
   text	   data	    bss	    dec	    hex	filename
  46508	    560	   2688	  49756	   c25c	PruebasMotores.elf
Finished building: default.size.stdout
 
arm-none-eabi-objdump -h -S  PruebasMotores.elf  > "PruebasMotores.list"
Finished building: PruebasMotores.list
 
17:16:06 **** Incremental Build of configuration Debug for project PruebasMotores ****
make clean all 
rm -rf ./Core/Startup/startup_stm32f411retx.d ./Core/Startup/startup_stm32f411retx.o
rm -rf ./Core/Src/syscalls.d ./Core/Src/syscalls.o ./Core/Src/syscalls.su ./Core/Src/sysmem.d ./Core/Src/sysmem.o ./Core/Src/sysmem.su
rm -rf ./App/Src/tunningThePID.d ./App/Src/tunningThePID.o ./App/Src/tunningThePID.su
rm -rf PruebasMotores.elf PruebasMotores.list PruebasMotores.map default.size.stdout
 
arm-none-eabi-gcc -mcpu=cortex-m4 -g3 -DDEBUG -c -x assembler-with-cpp -MMD -MP -MF"Core/Startup/startup_stm32f411retx.d" -MT"Core/Startup/startup_stm32f411retx.o" --specs=nano.specs -mfpu=fpv4-sp-d16 -mfloat-abi=hard -mthumb -o "Core/Startup/startup_stm32f411retx.o" "../Core/Startup/startup_stm32f411retx.s"
arm-none-eabi-gcc "../Core/Src/syscalls.c" -mcpu=cortex-m4 -std=gnu11 -g3 -DDEBUG -DSTM32 -DSTM32F4 -DSTM32F411RETx -DSTM32F411xE -c -I"/home/daniel/Robotica/RTOS_workspace/PruebasMotores/Drivers/Core/Include" -I"/home/daniel/Robotica/RTOS_workspace/PruebasMotores/Drivers/Device/ST/STM32F4xx/Include" -I"/home/daniel/Robotica/RTOS_workspace/CMSIS-PeripheralDrivers/Inc" -I"/home/daniel/Robotica/RTOS_workspace/PruebasMotores/App/Inc" -I"/home/daniel/Robotica/RTOS_workspace/CMSIS-Full/Inc" -O0 -ffunction-sections -fdata-sections -Wall -fstack-usage -MMD -MP -MF"Core/Src/syscalls.d" -MT"Core/Src/syscalls.o" --specs=nano.specs -mfpu=fpv4-sp-d16 -mfloat-abi=hard -mthumb -o "Core/Src/syscalls.o"
arm-none-eabi-gcc "../Core/Src/sysmem.c" -mcpu=cortex-m4 -std=gnu11 -g3 -DDEBUG -DSTM32 -DSTM32F4 -DSTM32F411RETx -DSTM32F411xE -c -I"/home/daniel/Robotica/RTOS_workspace/PruebasMotores/Drivers/Core/Include" -I"/home/daniel/Robotica/RTOS_workspace/PruebasMotores/Drivers/Device/ST/STM32F4xx/Include" -I"/home/daniel/Robotica/RTOS_workspace/CMSIS-PeripheralDrivers/Inc" -I"/home/daniel/Robotica/RTOS_workspace/PruebasMotores/App/Inc" -I"/home/daniel/Robotica/RTOS_workspace/CMSIS-Full/Inc" -O0 -ffunction-sections -fdata-sections -Wall -fstack-usage -MMD -MP -MF"Core/Src/sysmem.d" -MT"Core/Src/sysmem.o" --specs=nano.specs -mfpu=fpv4-sp-d16 -mfloat-abi=hard -mthumb -o "Core/Src/sysmem.o"
arm-none-eabi-gcc "../App/Src/tunningThePID.c" -mcpu=cortex-m4 -std=gnu11 -g3 -DDEBUG -DSTM32 -DSTM32F4 -DSTM32F411RETx -DSTM32F411xE -c -I"/home/daniel/Robotica/RTOS_workspace/PruebasMotores/Drivers/Core/Include" -I"/home/daniel/Robotica/RTOS_workspace/PruebasMotores/Drivers/Device/ST/STM32F4xx/Include" -I"/home/daniel/Robotica/RTOS_workspace/CMSIS-PeripheralDrivers/Inc" -I"/home/daniel/Robotica/RTOS_workspace/PruebasMotores/App/Inc" -I"/home/daniel/Robotica/RTOS_workspace/CMSIS-Full/Inc" -O0 -ffunction-sections -fdata-sections -Wall -fstack-usage -MMD -MP -MF"App/Src/tunningThePID.d" -MT"App/Src/tunningThePID.o" --specs=nano.specs -mfpu=fpv4-sp-d16 -mfloat-abi=hard -mthumb -o "App/Src/tunningThePID.o"
arm-none-eabi-gcc -o "PruebasMotores.elf" @"objects.list"  -lCMSIS-PeripheralDrivers -lCMSIS-Full -mcpu=cortex-m4 -T"/home/daniel/Robotica/RTOS_workspace/PruebasMotores/STM32F411RETX_FLASH.ld" --specs=nosys.specs -Wl,-Map="PruebasMotores.map" -Wl,--gc-sections -static -L"/home/daniel/Robotica/RTOS_workspace/CMSIS-PeripheralDrivers/Debug" -L"/home/daniel/Robotica/RTOS_workspace/CMSIS-Full/Debug" --specs=nano.specs -mfpu=fpv4-sp-d16 -mfloat-abi=hard -mthumb -u _printf_float -u _scanf_float -Wl,--start-group -lc -lm -Wl,--end-group
Finished building target: PruebasMotores.elf
 
arm-none-eabi-size   PruebasMotores.elf 
   text	   data	    bss	    dec	    hex	filename
  46508	    560	   2688	  49756	   c25c	PruebasMotores.elf
Finished building: default.size.stdout
 
arm-none-eabi-objdump -h -S  PruebasMotores.elf  > "PruebasMotores.list"
Finished building: PruebasMotores.list
 
17:16:20 **** Incremental Build of configuration Debug for project PruebasMotores ****
make clean all 
rm -rf ./Core/Startup/startup_stm32f411retx.d ./Core/Startup/startup_stm32f411retx.o
rm -rf ./Core/Src/syscalls.d ./Core/Src/syscalls.o ./Core/Src/syscalls.su ./Core/Src/sysmem.d ./Core/Src/sysmem.o ./Core/Src/sysmem.su
rm -rf ./App/Src/tunningThePID.d ./App/Src/tunningThePID.o ./App/Src/tunningThePID.su
rm -rf PruebasMotores.elf PruebasMotores.list PruebasMotores.map default.size.stdout
 
arm-none-eabi-gcc -mcpu=cortex-m4 -g3 -DDEBUG -c -x assembler-with-cpp -MMD -MP -MF"Core/Startup/startup_stm32f411retx.d" -MT"Core/Startup/startup_stm32f411retx.o" --specs=nano.specs -mfpu=fpv4-sp-d16 -mfloat-abi=hard -mthumb -o "Core/Startup/startup_stm32f411retx.o" "../Core/Startup/startup_stm32f411retx.s"
arm-none-eabi-gcc "../Core/Src/syscalls.c" -mcpu=cortex-m4 -std=gnu11 -g3 -DDEBUG -DSTM32 -DSTM32F4 -DSTM32F411RETx -DSTM32F411xE -c -I"/home/daniel/Robotica/RTOS_workspace/PruebasMotores/Drivers/Core/Include" -I"/home/daniel/Robotica/RTOS_workspace/PruebasMotores/Drivers/Device/ST/STM32F4xx/Include" -I"/home/daniel/Robotica/RTOS_workspace/CMSIS-PeripheralDrivers/Inc" -I"/home/daniel/Robotica/RTOS_workspace/PruebasMotores/App/Inc" -I"/home/daniel/Robotica/RTOS_workspace/CMSIS-Full/Inc" -O0 -ffunction-sections -fdata-sections -Wall -fstack-usage -MMD -MP -MF"Core/Src/syscalls.d" -MT"Core/Src/syscalls.o" --specs=nano.specs -mfpu=fpv4-sp-d16 -mfloat-abi=hard -mthumb -o "Core/Src/syscalls.o"
arm-none-eabi-gcc "../Core/Src/sysmem.c" -mcpu=cortex-m4 -std=gnu11 -g3 -DDEBUG -DSTM32 -DSTM32F4 -DSTM32F411RETx -DSTM32F411xE -c -I"/home/daniel/Robotica/RTOS_workspace/PruebasMotores/Drivers/Core/Include" -I"/home/daniel/Robotica/RTOS_workspace/PruebasMotores/Drivers/Device/ST/STM32F4xx/Include" -I"/home/daniel/Robotica/RTOS_workspace/CMSIS-PeripheralDrivers/Inc" -I"/home/daniel/Robotica/RTOS_workspace/PruebasMotores/App/Inc" -I"/home/daniel/Robotica/RTOS_workspace/CMSIS-Full/Inc" -O0 -ffunction-sections -fdata-sections -Wall -fstack-usage -MMD -MP -MF"Core/Src/sysmem.d" -MT"Core/Src/sysmem.o" --specs=nano.specs -mfpu=fpv4-sp-d16 -mfloat-abi=hard -mthumb -o "Core/Src/sysmem.o"
arm-none-eabi-gcc "../App/Src/tunningThePID.c" -mcpu=cortex-m4 -std=gnu11 -g3 -DDEBUG -DSTM32 -DSTM32F4 -DSTM32F411RETx -DSTM32F411xE -c -I"/home/daniel/Robotica/RTOS_workspace/PruebasMotores/Drivers/Core/Include" -I"/home/daniel/Robotica/RTOS_workspace/PruebasMotores/Drivers/Device/ST/STM32F4xx/Include" -I"/home/daniel/Robotica/RTOS_workspace/CMSIS-PeripheralDrivers/Inc" -I"/home/daniel/Robotica/RTOS_workspace/PruebasMotores/App/Inc" -I"/home/daniel/Robotica/RTOS_workspace/CMSIS-Full/Inc" -O0 -ffunction-sections -fdata-sections -Wall -fstack-usage -MMD -MP -MF"App/Src/tunningThePID.d" -MT"App/Src/tunningThePID.o" --specs=nano.specs -mfpu=fpv4-sp-d16 -mfloat-abi=hard -mthumb -o "App/Src/tunningThePID.o"
arm-none-eabi-gcc -o "PruebasMotores.elf" @"objects.list"  -lCMSIS-PeripheralDrivers -lCMSIS-Full -mcpu=cortex-m4 -T"/home/daniel/Robotica/RTOS_workspace/PruebasMotores/STM32F411RETX_FLASH.ld" --specs=nosys.specs -Wl,-Map="PruebasMotores.map" -Wl,--gc-sections -static -L"/home/daniel/Robotica/RTOS_workspace/CMSIS-PeripheralDrivers/Debug" -L"/home/daniel/Robotica/RTOS_workspace/CMSIS-Full/Debug" --specs=nano.specs -mfpu=fpv4-sp-d16 -mfloat-abi=hard -mthumb -u _printf_float -u _scanf_float -Wl,--start-group -lc -lm -Wl,--end-group
Finished building target: PruebasMotores.elf
 
arm-none-eabi-size   PruebasMotores.elf 
   text	   data	    bss	    dec	    hex	filename
  46508	    560	   2688	  49756	   c25c	PruebasMotores.elf
Finished building: default.size.stdout
 
arm-none-eabi-objdump -h -S  PruebasMotores.elf  > "PruebasMotores.list"
Finished building: PruebasMotores.list
 
17:22:15 **** Incremental Build of configuration Debug for project PruebasMotores ****
make clean all 
rm -rf ./Core/Startup/startup_stm32f411retx.d ./Core/Startup/startup_stm32f411retx.o
rm -rf ./Core/Src/syscalls.d ./Core/Src/syscalls.o ./Core/Src/syscalls.su ./Core/Src/sysmem.d ./Core/Src/sysmem.o ./Core/Src/sysmem.su
rm -rf ./App/Src/tunningThePID.d ./App/Src/tunningThePID.o ./App/Src/tunningThePID.su
rm -rf PruebasMotores.elf PruebasMotores.list PruebasMotores.map default.size.stdout
 
arm-none-eabi-gcc -mcpu=cortex-m4 -g3 -DDEBUG -c -x assembler-with-cpp -MMD -MP -MF"Core/Startup/startup_stm32f411retx.d" -MT"Core/Startup/startup_stm32f411retx.o" --specs=nano.specs -mfpu=fpv4-sp-d16 -mfloat-abi=hard -mthumb -o "Core/Startup/startup_stm32f411retx.o" "../Core/Startup/startup_stm32f411retx.s"
arm-none-eabi-gcc "../Core/Src/syscalls.c" -mcpu=cortex-m4 -std=gnu11 -g3 -DDEBUG -DSTM32 -DSTM32F4 -DSTM32F411RETx -DSTM32F411xE -c -I"/home/daniel/Robotica/RTOS_workspace/PruebasMotores/Drivers/Core/Include" -I"/home/daniel/Robotica/RTOS_workspace/PruebasMotores/Drivers/Device/ST/STM32F4xx/Include" -I"/home/daniel/Robotica/RTOS_workspace/CMSIS-PeripheralDrivers/Inc" -I"/home/daniel/Robotica/RTOS_workspace/PruebasMotores/App/Inc" -I"/home/daniel/Robotica/RTOS_workspace/CMSIS-Full/Inc" -O0 -ffunction-sections -fdata-sections -Wall -fstack-usage -MMD -MP -MF"Core/Src/syscalls.d" -MT"Core/Src/syscalls.o" --specs=nano.specs -mfpu=fpv4-sp-d16 -mfloat-abi=hard -mthumb -o "Core/Src/syscalls.o"
arm-none-eabi-gcc "../Core/Src/sysmem.c" -mcpu=cortex-m4 -std=gnu11 -g3 -DDEBUG -DSTM32 -DSTM32F4 -DSTM32F411RETx -DSTM32F411xE -c -I"/home/daniel/Robotica/RTOS_workspace/PruebasMotores/Drivers/Core/Include" -I"/home/daniel/Robotica/RTOS_workspace/PruebasMotores/Drivers/Device/ST/STM32F4xx/Include" -I"/home/daniel/Robotica/RTOS_workspace/CMSIS-PeripheralDrivers/Inc" -I"/home/daniel/Robotica/RTOS_workspace/PruebasMotores/App/Inc" -I"/home/daniel/Robotica/RTOS_workspace/CMSIS-Full/Inc" -O0 -ffunction-sections -fdata-sections -Wall -fstack-usage -MMD -MP -MF"Core/Src/sysmem.d" -MT"Core/Src/sysmem.o" --specs=nano.specs -mfpu=fpv4-sp-d16 -mfloat-abi=hard -mthumb -o "Core/Src/sysmem.o"
arm-none-eabi-gcc "../App/Src/tunningThePID.c" -mcpu=cortex-m4 -std=gnu11 -g3 -DDEBUG -DSTM32 -DSTM32F4 -DSTM32F411RETx -DSTM32F411xE -c -I"/home/daniel/Robotica/RTOS_workspace/PruebasMotores/Drivers/Core/Include" -I"/home/daniel/Robotica/RTOS_workspace/PruebasMotores/Drivers/Device/ST/STM32F4xx/Include" -I"/home/daniel/Robotica/RTOS_workspace/CMSIS-PeripheralDrivers/Inc" -I"/home/daniel/Robotica/RTOS_workspace/PruebasMotores/App/Inc" -I"/home/daniel/Robotica/RTOS_workspace/CMSIS-Full/Inc" -O0 -ffunction-sections -fdata-sections -Wall -fstack-usage -MMD -MP -MF"App/Src/tunningThePID.d" -MT"App/Src/tunningThePID.o" --specs=nano.specs -mfpu=fpv4-sp-d16 -mfloat-abi=hard -mthumb -o "App/Src/tunningThePID.o"
arm-none-eabi-gcc -o "PruebasMotores.elf" @"objects.list"  -lCMSIS-PeripheralDrivers -lCMSIS-Full -mcpu=cortex-m4 -T"/home/daniel/Robotica/RTOS_workspace/PruebasMotores/STM32F411RETX_FLASH.ld" --specs=nosys.specs -Wl,-Map="PruebasMotores.map" -Wl,--gc-sections -static -L"/home/daniel/Robotica/RTOS_workspace/CMSIS-PeripheralDrivers/Debug" -L"/home/daniel/Robotica/RTOS_workspace/CMSIS-Full/Debug" --specs=nano.specs -mfpu=fpv4-sp-d16 -mfloat-abi=hard -mthumb -u _printf_float -u _scanf_float -Wl,--start-group -lc -lm -Wl,--end-group
Finished building target: PruebasMotores.elf
 
arm-none-eabi-size   PruebasMotores.elf 
   text	   data	    bss	    dec	    hex	filename
  46508	    560	   2688	  49756	   c25c	PruebasMotores.elf
Finished building: default.size.stdout
 
arm-none-eabi-objdump -h -S  PruebasMotores.elf  > "PruebasMotores.list"
Finished building: PruebasMotores.list
 
17:25:45 **** Incremental Build of configuration Debug for project PruebasMotores ****
make clean all 
rm -rf ./Core/Startup/startup_stm32f411retx.d ./Core/Startup/startup_stm32f411retx.o
rm -rf ./Core/Src/syscalls.d ./Core/Src/syscalls.o ./Core/Src/syscalls.su ./Core/Src/sysmem.d ./Core/Src/sysmem.o ./Core/Src/sysmem.su
rm -rf ./App/Src/tunningThePID.d ./App/Src/tunningThePID.o ./App/Src/tunningThePID.su
rm -rf PruebasMotores.elf PruebasMotores.list PruebasMotores.map default.size.stdout
 
arm-none-eabi-gcc -mcpu=cortex-m4 -g3 -DDEBUG -c -x assembler-with-cpp -MMD -MP -MF"Core/Startup/startup_stm32f411retx.d" -MT"Core/Startup/startup_stm32f411retx.o" --specs=nano.specs -mfpu=fpv4-sp-d16 -mfloat-abi=hard -mthumb -o "Core/Startup/startup_stm32f411retx.o" "../Core/Startup/startup_stm32f411retx.s"
arm-none-eabi-gcc "../Core/Src/syscalls.c" -mcpu=cortex-m4 -std=gnu11 -g3 -DDEBUG -DSTM32 -DSTM32F4 -DSTM32F411RETx -DSTM32F411xE -c -I"/home/daniel/Robotica/RTOS_workspace/PruebasMotores/Drivers/Core/Include" -I"/home/daniel/Robotica/RTOS_workspace/PruebasMotores/Drivers/Device/ST/STM32F4xx/Include" -I"/home/daniel/Robotica/RTOS_workspace/CMSIS-PeripheralDrivers/Inc" -I"/home/daniel/Robotica/RTOS_workspace/PruebasMotores/App/Inc" -I"/home/daniel/Robotica/RTOS_workspace/CMSIS-Full/Inc" -O0 -ffunction-sections -fdata-sections -Wall -fstack-usage -MMD -MP -MF"Core/Src/syscalls.d" -MT"Core/Src/syscalls.o" --specs=nano.specs -mfpu=fpv4-sp-d16 -mfloat-abi=hard -mthumb -o "Core/Src/syscalls.o"
arm-none-eabi-gcc "../Core/Src/sysmem.c" -mcpu=cortex-m4 -std=gnu11 -g3 -DDEBUG -DSTM32 -DSTM32F4 -DSTM32F411RETx -DSTM32F411xE -c -I"/home/daniel/Robotica/RTOS_workspace/PruebasMotores/Drivers/Core/Include" -I"/home/daniel/Robotica/RTOS_workspace/PruebasMotores/Drivers/Device/ST/STM32F4xx/Include" -I"/home/daniel/Robotica/RTOS_workspace/CMSIS-PeripheralDrivers/Inc" -I"/home/daniel/Robotica/RTOS_workspace/PruebasMotores/App/Inc" -I"/home/daniel/Robotica/RTOS_workspace/CMSIS-Full/Inc" -O0 -ffunction-sections -fdata-sections -Wall -fstack-usage -MMD -MP -MF"Core/Src/sysmem.d" -MT"Core/Src/sysmem.o" --specs=nano.specs -mfpu=fpv4-sp-d16 -mfloat-abi=hard -mthumb -o "Core/Src/sysmem.o"
arm-none-eabi-gcc "../App/Src/tunningThePID.c" -mcpu=cortex-m4 -std=gnu11 -g3 -DDEBUG -DSTM32 -DSTM32F4 -DSTM32F411RETx -DSTM32F411xE -c -I"/home/daniel/Robotica/RTOS_workspace/PruebasMotores/Drivers/Core/Include" -I"/home/daniel/Robotica/RTOS_workspace/PruebasMotores/Drivers/Device/ST/STM32F4xx/Include" -I"/home/daniel/Robotica/RTOS_workspace/CMSIS-PeripheralDrivers/Inc" -I"/home/daniel/Robotica/RTOS_workspace/PruebasMotores/App/Inc" -I"/home/daniel/Robotica/RTOS_workspace/CMSIS-Full/Inc" -O0 -ffunction-sections -fdata-sections -Wall -fstack-usage -MMD -MP -MF"App/Src/tunningThePID.d" -MT"App/Src/tunningThePID.o" --specs=nano.specs -mfpu=fpv4-sp-d16 -mfloat-abi=hard -mthumb -o "App/Src/tunningThePID.o"
arm-none-eabi-gcc -o "PruebasMotores.elf" @"objects.list"  -lCMSIS-PeripheralDrivers -lCMSIS-Full -mcpu=cortex-m4 -T"/home/daniel/Robotica/RTOS_workspace/PruebasMotores/STM32F411RETX_FLASH.ld" --specs=nosys.specs -Wl,-Map="PruebasMotores.map" -Wl,--gc-sections -static -L"/home/daniel/Robotica/RTOS_workspace/CMSIS-PeripheralDrivers/Debug" -L"/home/daniel/Robotica/RTOS_workspace/CMSIS-Full/Debug" --specs=nano.specs -mfpu=fpv4-sp-d16 -mfloat-abi=hard -mthumb -u _printf_float -u _scanf_float -Wl,--start-group -lc -lm -Wl,--end-group
Finished building target: PruebasMotores.elf
 
arm-none-eabi-size   PruebasMotores.elf 
   text	   data	    bss	    dec	    hex	filename
  46508	    560	   2688	  49756	   c25c	PruebasMotores.elf
Finished building: default.size.stdout
 
arm-none-eabi-objdump -h -S  PruebasMotores.elf  > "PruebasMotores.list"
Finished building: PruebasMotores.list
 
17:29:59 **** Incremental Build of configuration Debug for project PruebasMotores ****
make clean all 
rm -rf ./Core/Startup/startup_stm32f411retx.d ./Core/Startup/startup_stm32f411retx.o
rm -rf ./Core/Src/syscalls.d ./Core/Src/syscalls.o ./Core/Src/syscalls.su ./Core/Src/sysmem.d ./Core/Src/sysmem.o ./Core/Src/sysmem.su
rm -rf ./App/Src/tunningThePID.d ./App/Src/tunningThePID.o ./App/Src/tunningThePID.su
rm -rf PruebasMotores.elf PruebasMotores.list PruebasMotores.map default.size.stdout
 
arm-none-eabi-gcc -mcpu=cortex-m4 -g3 -DDEBUG -c -x assembler-with-cpp -MMD -MP -MF"Core/Startup/startup_stm32f411retx.d" -MT"Core/Startup/startup_stm32f411retx.o" --specs=nano.specs -mfpu=fpv4-sp-d16 -mfloat-abi=hard -mthumb -o "Core/Startup/startup_stm32f411retx.o" "../Core/Startup/startup_stm32f411retx.s"
arm-none-eabi-gcc "../Core/Src/syscalls.c" -mcpu=cortex-m4 -std=gnu11 -g3 -DDEBUG -DSTM32 -DSTM32F4 -DSTM32F411RETx -DSTM32F411xE -c -I"/home/daniel/Robotica/RTOS_workspace/PruebasMotores/Drivers/Core/Include" -I"/home/daniel/Robotica/RTOS_workspace/PruebasMotores/Drivers/Device/ST/STM32F4xx/Include" -I"/home/daniel/Robotica/RTOS_workspace/CMSIS-PeripheralDrivers/Inc" -I"/home/daniel/Robotica/RTOS_workspace/PruebasMotores/App/Inc" -I"/home/daniel/Robotica/RTOS_workspace/CMSIS-Full/Inc" -O0 -ffunction-sections -fdata-sections -Wall -fstack-usage -MMD -MP -MF"Core/Src/syscalls.d" -MT"Core/Src/syscalls.o" --specs=nano.specs -mfpu=fpv4-sp-d16 -mfloat-abi=hard -mthumb -o "Core/Src/syscalls.o"
arm-none-eabi-gcc "../Core/Src/sysmem.c" -mcpu=cortex-m4 -std=gnu11 -g3 -DDEBUG -DSTM32 -DSTM32F4 -DSTM32F411RETx -DSTM32F411xE -c -I"/home/daniel/Robotica/RTOS_workspace/PruebasMotores/Drivers/Core/Include" -I"/home/daniel/Robotica/RTOS_workspace/PruebasMotores/Drivers/Device/ST/STM32F4xx/Include" -I"/home/daniel/Robotica/RTOS_workspace/CMSIS-PeripheralDrivers/Inc" -I"/home/daniel/Robotica/RTOS_workspace/PruebasMotores/App/Inc" -I"/home/daniel/Robotica/RTOS_workspace/CMSIS-Full/Inc" -O0 -ffunction-sections -fdata-sections -Wall -fstack-usage -MMD -MP -MF"Core/Src/sysmem.d" -MT"Core/Src/sysmem.o" --specs=nano.specs -mfpu=fpv4-sp-d16 -mfloat-abi=hard -mthumb -o "Core/Src/sysmem.o"
arm-none-eabi-gcc "../App/Src/tunningThePID.c" -mcpu=cortex-m4 -std=gnu11 -g3 -DDEBUG -DSTM32 -DSTM32F4 -DSTM32F411RETx -DSTM32F411xE -c -I"/home/daniel/Robotica/RTOS_workspace/PruebasMotores/Drivers/Core/Include" -I"/home/daniel/Robotica/RTOS_workspace/PruebasMotores/Drivers/Device/ST/STM32F4xx/Include" -I"/home/daniel/Robotica/RTOS_workspace/CMSIS-PeripheralDrivers/Inc" -I"/home/daniel/Robotica/RTOS_workspace/PruebasMotores/App/Inc" -I"/home/daniel/Robotica/RTOS_workspace/CMSIS-Full/Inc" -O0 -ffunction-sections -fdata-sections -Wall -fstack-usage -MMD -MP -MF"App/Src/tunningThePID.d" -MT"App/Src/tunningThePID.o" --specs=nano.specs -mfpu=fpv4-sp-d16 -mfloat-abi=hard -mthumb -o "App/Src/tunningThePID.o"
arm-none-eabi-gcc -o "PruebasMotores.elf" @"objects.list"  -lCMSIS-PeripheralDrivers -lCMSIS-Full -mcpu=cortex-m4 -T"/home/daniel/Robotica/RTOS_workspace/PruebasMotores/STM32F411RETX_FLASH.ld" --specs=nosys.specs -Wl,-Map="PruebasMotores.map" -Wl,--gc-sections -static -L"/home/daniel/Robotica/RTOS_workspace/CMSIS-PeripheralDrivers/Debug" -L"/home/daniel/Robotica/RTOS_workspace/CMSIS-Full/Debug" --specs=nano.specs -mfpu=fpv4-sp-d16 -mfloat-abi=hard -mthumb -u _printf_float -u _scanf_float -Wl,--start-group -lc -lm -Wl,--end-group
Finished building target: PruebasMotores.elf
 
arm-none-eabi-size   PruebasMotores.elf 
   text	   data	    bss	    dec	    hex	filename
  46508	    560	   2688	  49756	   c25c	PruebasMotores.elf
Finished building: default.size.stdout
 
arm-none-eabi-objdump -h -S  PruebasMotores.elf  > "PruebasMotores.list"
Finished building: PruebasMotores.list
 
17:33:15 **** Incremental Build of configuration Debug for project PruebasMotores ****
make clean all 
rm -rf ./Core/Startup/startup_stm32f411retx.d ./Core/Startup/startup_stm32f411retx.o
rm -rf ./Core/Src/syscalls.d ./Core/Src/syscalls.o ./Core/Src/syscalls.su ./Core/Src/sysmem.d ./Core/Src/sysmem.o ./Core/Src/sysmem.su
rm -rf ./App/Src/tunningThePID.d ./App/Src/tunningThePID.o ./App/Src/tunningThePID.su
rm -rf PruebasMotores.elf PruebasMotores.list PruebasMotores.map default.size.stdout
 
arm-none-eabi-gcc -mcpu=cortex-m4 -g3 -DDEBUG -c -x assembler-with-cpp -MMD -MP -MF"Core/Startup/startup_stm32f411retx.d" -MT"Core/Startup/startup_stm32f411retx.o" --specs=nano.specs -mfpu=fpv4-sp-d16 -mfloat-abi=hard -mthumb -o "Core/Startup/startup_stm32f411retx.o" "../Core/Startup/startup_stm32f411retx.s"
arm-none-eabi-gcc "../Core/Src/syscalls.c" -mcpu=cortex-m4 -std=gnu11 -g3 -DDEBUG -DSTM32 -DSTM32F4 -DSTM32F411RETx -DSTM32F411xE -c -I"/home/daniel/Robotica/RTOS_workspace/PruebasMotores/Drivers/Core/Include" -I"/home/daniel/Robotica/RTOS_workspace/PruebasMotores/Drivers/Device/ST/STM32F4xx/Include" -I"/home/daniel/Robotica/RTOS_workspace/CMSIS-PeripheralDrivers/Inc" -I"/home/daniel/Robotica/RTOS_workspace/PruebasMotores/App/Inc" -I"/home/daniel/Robotica/RTOS_workspace/CMSIS-Full/Inc" -O0 -ffunction-sections -fdata-sections -Wall -fstack-usage -MMD -MP -MF"Core/Src/syscalls.d" -MT"Core/Src/syscalls.o" --specs=nano.specs -mfpu=fpv4-sp-d16 -mfloat-abi=hard -mthumb -o "Core/Src/syscalls.o"
arm-none-eabi-gcc "../Core/Src/sysmem.c" -mcpu=cortex-m4 -std=gnu11 -g3 -DDEBUG -DSTM32 -DSTM32F4 -DSTM32F411RETx -DSTM32F411xE -c -I"/home/daniel/Robotica/RTOS_workspace/PruebasMotores/Drivers/Core/Include" -I"/home/daniel/Robotica/RTOS_workspace/PruebasMotores/Drivers/Device/ST/STM32F4xx/Include" -I"/home/daniel/Robotica/RTOS_workspace/CMSIS-PeripheralDrivers/Inc" -I"/home/daniel/Robotica/RTOS_workspace/PruebasMotores/App/Inc" -I"/home/daniel/Robotica/RTOS_workspace/CMSIS-Full/Inc" -O0 -ffunction-sections -fdata-sections -Wall -fstack-usage -MMD -MP -MF"Core/Src/sysmem.d" -MT"Core/Src/sysmem.o" --specs=nano.specs -mfpu=fpv4-sp-d16 -mfloat-abi=hard -mthumb -o "Core/Src/sysmem.o"
arm-none-eabi-gcc "../App/Src/tunningThePID.c" -mcpu=cortex-m4 -std=gnu11 -g3 -DDEBUG -DSTM32 -DSTM32F4 -DSTM32F411RETx -DSTM32F411xE -c -I"/home/daniel/Robotica/RTOS_workspace/PruebasMotores/Drivers/Core/Include" -I"/home/daniel/Robotica/RTOS_workspace/PruebasMotores/Drivers/Device/ST/STM32F4xx/Include" -I"/home/daniel/Robotica/RTOS_workspace/CMSIS-PeripheralDrivers/Inc" -I"/home/daniel/Robotica/RTOS_workspace/PruebasMotores/App/Inc" -I"/home/daniel/Robotica/RTOS_workspace/CMSIS-Full/Inc" -O0 -ffunction-sections -fdata-sections -Wall -fstack-usage -MMD -MP -MF"App/Src/tunningThePID.d" -MT"App/Src/tunningThePID.o" --specs=nano.specs -mfpu=fpv4-sp-d16 -mfloat-abi=hard -mthumb -o "App/Src/tunningThePID.o"
arm-none-eabi-gcc -o "PruebasMotores.elf" @"objects.list"  -lCMSIS-PeripheralDrivers -lCMSIS-Full -mcpu=cortex-m4 -T"/home/daniel/Robotica/RTOS_workspace/PruebasMotores/STM32F411RETX_FLASH.ld" --specs=nosys.specs -Wl,-Map="PruebasMotores.map" -Wl,--gc-sections -static -L"/home/daniel/Robotica/RTOS_workspace/CMSIS-PeripheralDrivers/Debug" -L"/home/daniel/Robotica/RTOS_workspace/CMSIS-Full/Debug" --specs=nano.specs -mfpu=fpv4-sp-d16 -mfloat-abi=hard -mthumb -u _printf_float -u _scanf_float -Wl,--start-group -lc -lm -Wl,--end-group
Finished building target: PruebasMotores.elf
 
arm-none-eabi-size   PruebasMotores.elf 
   text	   data	    bss	    dec	    hex	filename
  46508	    560	   2688	  49756	   c25c	PruebasMotores.elf
Finished building: default.size.stdout
 
arm-none-eabi-objdump -h -S  PruebasMotores.elf  > "PruebasMotores.list"
Finished building: PruebasMotores.list
 
17:36:53 **** Incremental Build of configuration Debug for project PruebasMotores ****
make clean all 
rm -rf ./Core/Startup/startup_stm32f411retx.d ./Core/Startup/startup_stm32f411retx.o
rm -rf ./Core/Src/syscalls.d ./Core/Src/syscalls.o ./Core/Src/syscalls.su ./Core/Src/sysmem.d ./Core/Src/sysmem.o ./Core/Src/sysmem.su
rm -rf ./App/Src/tunningThePID.d ./App/Src/tunningThePID.o ./App/Src/tunningThePID.su
rm -rf PruebasMotores.elf PruebasMotores.list PruebasMotores.map default.size.stdout
 
arm-none-eabi-gcc -mcpu=cortex-m4 -g3 -DDEBUG -c -x assembler-with-cpp -MMD -MP -MF"Core/Startup/startup_stm32f411retx.d" -MT"Core/Startup/startup_stm32f411retx.o" --specs=nano.specs -mfpu=fpv4-sp-d16 -mfloat-abi=hard -mthumb -o "Core/Startup/startup_stm32f411retx.o" "../Core/Startup/startup_stm32f411retx.s"
arm-none-eabi-gcc "../Core/Src/syscalls.c" -mcpu=cortex-m4 -std=gnu11 -g3 -DDEBUG -DSTM32 -DSTM32F4 -DSTM32F411RETx -DSTM32F411xE -c -I"/home/daniel/Robotica/RTOS_workspace/PruebasMotores/Drivers/Core/Include" -I"/home/daniel/Robotica/RTOS_workspace/PruebasMotores/Drivers/Device/ST/STM32F4xx/Include" -I"/home/daniel/Robotica/RTOS_workspace/CMSIS-PeripheralDrivers/Inc" -I"/home/daniel/Robotica/RTOS_workspace/PruebasMotores/App/Inc" -I"/home/daniel/Robotica/RTOS_workspace/CMSIS-Full/Inc" -O0 -ffunction-sections -fdata-sections -Wall -fstack-usage -MMD -MP -MF"Core/Src/syscalls.d" -MT"Core/Src/syscalls.o" --specs=nano.specs -mfpu=fpv4-sp-d16 -mfloat-abi=hard -mthumb -o "Core/Src/syscalls.o"
arm-none-eabi-gcc "../Core/Src/sysmem.c" -mcpu=cortex-m4 -std=gnu11 -g3 -DDEBUG -DSTM32 -DSTM32F4 -DSTM32F411RETx -DSTM32F411xE -c -I"/home/daniel/Robotica/RTOS_workspace/PruebasMotores/Drivers/Core/Include" -I"/home/daniel/Robotica/RTOS_workspace/PruebasMotores/Drivers/Device/ST/STM32F4xx/Include" -I"/home/daniel/Robotica/RTOS_workspace/CMSIS-PeripheralDrivers/Inc" -I"/home/daniel/Robotica/RTOS_workspace/PruebasMotores/App/Inc" -I"/home/daniel/Robotica/RTOS_workspace/CMSIS-Full/Inc" -O0 -ffunction-sections -fdata-sections -Wall -fstack-usage -MMD -MP -MF"Core/Src/sysmem.d" -MT"Core/Src/sysmem.o" --specs=nano.specs -mfpu=fpv4-sp-d16 -mfloat-abi=hard -mthumb -o "Core/Src/sysmem.o"
arm-none-eabi-gcc "../App/Src/tunningThePID.c" -mcpu=cortex-m4 -std=gnu11 -g3 -DDEBUG -DSTM32 -DSTM32F4 -DSTM32F411RETx -DSTM32F411xE -c -I"/home/daniel/Robotica/RTOS_workspace/PruebasMotores/Drivers/Core/Include" -I"/home/daniel/Robotica/RTOS_workspace/PruebasMotores/Drivers/Device/ST/STM32F4xx/Include" -I"/home/daniel/Robotica/RTOS_workspace/CMSIS-PeripheralDrivers/Inc" -I"/home/daniel/Robotica/RTOS_workspace/PruebasMotores/App/Inc" -I"/home/daniel/Robotica/RTOS_workspace/CMSIS-Full/Inc" -O0 -ffunction-sections -fdata-sections -Wall -fstack-usage -MMD -MP -MF"App/Src/tunningThePID.d" -MT"App/Src/tunningThePID.o" --specs=nano.specs -mfpu=fpv4-sp-d16 -mfloat-abi=hard -mthumb -o "App/Src/tunningThePID.o"
arm-none-eabi-gcc -o "PruebasMotores.elf" @"objects.list"  -lCMSIS-PeripheralDrivers -lCMSIS-Full -mcpu=cortex-m4 -T"/home/daniel/Robotica/RTOS_workspace/PruebasMotores/STM32F411RETX_FLASH.ld" --specs=nosys.specs -Wl,-Map="PruebasMotores.map" -Wl,--gc-sections -static -L"/home/daniel/Robotica/RTOS_workspace/CMSIS-PeripheralDrivers/Debug" -L"/home/daniel/Robotica/RTOS_workspace/CMSIS-Full/Debug" --specs=nano.specs -mfpu=fpv4-sp-d16 -mfloat-abi=hard -mthumb -u _printf_float -u _scanf_float -Wl,--start-group -lc -lm -Wl,--end-group
Finished building target: PruebasMotores.elf
 
arm-none-eabi-size   PruebasMotores.elf 
   text	   data	    bss	    dec	    hex	filename
  46508	    560	   2688	  49756	   c25c	PruebasMotores.elf
Finished building: default.size.stdout
 
arm-none-eabi-objdump -h -S  PruebasMotores.elf  > "PruebasMotores.list"
Finished building: PruebasMotores.list
 
17:40:51 **** Incremental Build of configuration Debug for project PruebasMotores ****
make clean all 
rm -rf ./Core/Startup/startup_stm32f411retx.d ./Core/Startup/startup_stm32f411retx.o
rm -rf ./Core/Src/syscalls.d ./Core/Src/syscalls.o ./Core/Src/syscalls.su ./Core/Src/sysmem.d ./Core/Src/sysmem.o ./Core/Src/sysmem.su
rm -rf ./App/Src/tunningThePID.d ./App/Src/tunningThePID.o ./App/Src/tunningThePID.su
rm -rf PruebasMotores.elf PruebasMotores.list PruebasMotores.map default.size.stdout
 
arm-none-eabi-gcc -mcpu=cortex-m4 -g3 -DDEBUG -c -x assembler-with-cpp -MMD -MP -MF"Core/Startup/startup_stm32f411retx.d" -MT"Core/Startup/startup_stm32f411retx.o" --specs=nano.specs -mfpu=fpv4-sp-d16 -mfloat-abi=hard -mthumb -o "Core/Startup/startup_stm32f411retx.o" "../Core/Startup/startup_stm32f411retx.s"
arm-none-eabi-gcc "../Core/Src/syscalls.c" -mcpu=cortex-m4 -std=gnu11 -g3 -DDEBUG -DSTM32 -DSTM32F4 -DSTM32F411RETx -DSTM32F411xE -c -I"/home/daniel/Robotica/RTOS_workspace/PruebasMotores/Drivers/Core/Include" -I"/home/daniel/Robotica/RTOS_workspace/PruebasMotores/Drivers/Device/ST/STM32F4xx/Include" -I"/home/daniel/Robotica/RTOS_workspace/CMSIS-PeripheralDrivers/Inc" -I"/home/daniel/Robotica/RTOS_workspace/PruebasMotores/App/Inc" -I"/home/daniel/Robotica/RTOS_workspace/CMSIS-Full/Inc" -O0 -ffunction-sections -fdata-sections -Wall -fstack-usage -MMD -MP -MF"Core/Src/syscalls.d" -MT"Core/Src/syscalls.o" --specs=nano.specs -mfpu=fpv4-sp-d16 -mfloat-abi=hard -mthumb -o "Core/Src/syscalls.o"
arm-none-eabi-gcc "../Core/Src/sysmem.c" -mcpu=cortex-m4 -std=gnu11 -g3 -DDEBUG -DSTM32 -DSTM32F4 -DSTM32F411RETx -DSTM32F411xE -c -I"/home/daniel/Robotica/RTOS_workspace/PruebasMotores/Drivers/Core/Include" -I"/home/daniel/Robotica/RTOS_workspace/PruebasMotores/Drivers/Device/ST/STM32F4xx/Include" -I"/home/daniel/Robotica/RTOS_workspace/CMSIS-PeripheralDrivers/Inc" -I"/home/daniel/Robotica/RTOS_workspace/PruebasMotores/App/Inc" -I"/home/daniel/Robotica/RTOS_workspace/CMSIS-Full/Inc" -O0 -ffunction-sections -fdata-sections -Wall -fstack-usage -MMD -MP -MF"Core/Src/sysmem.d" -MT"Core/Src/sysmem.o" --specs=nano.specs -mfpu=fpv4-sp-d16 -mfloat-abi=hard -mthumb -o "Core/Src/sysmem.o"
arm-none-eabi-gcc "../App/Src/tunningThePID.c" -mcpu=cortex-m4 -std=gnu11 -g3 -DDEBUG -DSTM32 -DSTM32F4 -DSTM32F411RETx -DSTM32F411xE -c -I"/home/daniel/Robotica/RTOS_workspace/PruebasMotores/Drivers/Core/Include" -I"/home/daniel/Robotica/RTOS_workspace/PruebasMotores/Drivers/Device/ST/STM32F4xx/Include" -I"/home/daniel/Robotica/RTOS_workspace/CMSIS-PeripheralDrivers/Inc" -I"/home/daniel/Robotica/RTOS_workspace/PruebasMotores/App/Inc" -I"/home/daniel/Robotica/RTOS_workspace/CMSIS-Full/Inc" -O0 -ffunction-sections -fdata-sections -Wall -fstack-usage -MMD -MP -MF"App/Src/tunningThePID.d" -MT"App/Src/tunningThePID.o" --specs=nano.specs -mfpu=fpv4-sp-d16 -mfloat-abi=hard -mthumb -o "App/Src/tunningThePID.o"
arm-none-eabi-gcc -o "PruebasMotores.elf" @"objects.list"  -lCMSIS-PeripheralDrivers -lCMSIS-Full -mcpu=cortex-m4 -T"/home/daniel/Robotica/RTOS_workspace/PruebasMotores/STM32F411RETX_FLASH.ld" --specs=nosys.specs -Wl,-Map="PruebasMotores.map" -Wl,--gc-sections -static -L"/home/daniel/Robotica/RTOS_workspace/CMSIS-PeripheralDrivers/Debug" -L"/home/daniel/Robotica/RTOS_workspace/CMSIS-Full/Debug" --specs=nano.specs -mfpu=fpv4-sp-d16 -mfloat-abi=hard -mthumb -u _printf_float -u _scanf_float -Wl,--start-group -lc -lm -Wl,--end-group
Finished building target: PruebasMotores.elf
 
arm-none-eabi-size   PruebasMotores.elf 
   text	   data	    bss	    dec	    hex	filename
  46508	    560	   2688	  49756	   c25c	PruebasMotores.elf
Finished building: default.size.stdout
 
arm-none-eabi-objdump -h -S  PruebasMotores.elf  > "PruebasMotores.list"
Finished building: PruebasMotores.list
 
17:41:12 **** Incremental Build of configuration Debug for project PruebasMotores ****
make clean all 
rm -rf ./Core/Startup/startup_stm32f411retx.d ./Core/Startup/startup_stm32f411retx.o
rm -rf ./Core/Src/syscalls.d ./Core/Src/syscalls.o ./Core/Src/syscalls.su ./Core/Src/sysmem.d ./Core/Src/sysmem.o ./Core/Src/sysmem.su
rm -rf ./App/Src/tunningThePID.d ./App/Src/tunningThePID.o ./App/Src/tunningThePID.su
rm -rf PruebasMotores.elf PruebasMotores.list PruebasMotores.map default.size.stdout
 
arm-none-eabi-gcc -mcpu=cortex-m4 -g3 -DDEBUG -c -x assembler-with-cpp -MMD -MP -MF"Core/Startup/startup_stm32f411retx.d" -MT"Core/Startup/startup_stm32f411retx.o" --specs=nano.specs -mfpu=fpv4-sp-d16 -mfloat-abi=hard -mthumb -o "Core/Startup/startup_stm32f411retx.o" "../Core/Startup/startup_stm32f411retx.s"
arm-none-eabi-gcc "../Core/Src/syscalls.c" -mcpu=cortex-m4 -std=gnu11 -g3 -DDEBUG -DSTM32 -DSTM32F4 -DSTM32F411RETx -DSTM32F411xE -c -I"/home/daniel/Robotica/RTOS_workspace/PruebasMotores/Drivers/Core/Include" -I"/home/daniel/Robotica/RTOS_workspace/PruebasMotores/Drivers/Device/ST/STM32F4xx/Include" -I"/home/daniel/Robotica/RTOS_workspace/CMSIS-PeripheralDrivers/Inc" -I"/home/daniel/Robotica/RTOS_workspace/PruebasMotores/App/Inc" -I"/home/daniel/Robotica/RTOS_workspace/CMSIS-Full/Inc" -O0 -ffunction-sections -fdata-sections -Wall -fstack-usage -MMD -MP -MF"Core/Src/syscalls.d" -MT"Core/Src/syscalls.o" --specs=nano.specs -mfpu=fpv4-sp-d16 -mfloat-abi=hard -mthumb -o "Core/Src/syscalls.o"
arm-none-eabi-gcc "../Core/Src/sysmem.c" -mcpu=cortex-m4 -std=gnu11 -g3 -DDEBUG -DSTM32 -DSTM32F4 -DSTM32F411RETx -DSTM32F411xE -c -I"/home/daniel/Robotica/RTOS_workspace/PruebasMotores/Drivers/Core/Include" -I"/home/daniel/Robotica/RTOS_workspace/PruebasMotores/Drivers/Device/ST/STM32F4xx/Include" -I"/home/daniel/Robotica/RTOS_workspace/CMSIS-PeripheralDrivers/Inc" -I"/home/daniel/Robotica/RTOS_workspace/PruebasMotores/App/Inc" -I"/home/daniel/Robotica/RTOS_workspace/CMSIS-Full/Inc" -O0 -ffunction-sections -fdata-sections -Wall -fstack-usage -MMD -MP -MF"Core/Src/sysmem.d" -MT"Core/Src/sysmem.o" --specs=nano.specs -mfpu=fpv4-sp-d16 -mfloat-abi=hard -mthumb -o "Core/Src/sysmem.o"
arm-none-eabi-gcc "../App/Src/tunningThePID.c" -mcpu=cortex-m4 -std=gnu11 -g3 -DDEBUG -DSTM32 -DSTM32F4 -DSTM32F411RETx -DSTM32F411xE -c -I"/home/daniel/Robotica/RTOS_workspace/PruebasMotores/Drivers/Core/Include" -I"/home/daniel/Robotica/RTOS_workspace/PruebasMotores/Drivers/Device/ST/STM32F4xx/Include" -I"/home/daniel/Robotica/RTOS_workspace/CMSIS-PeripheralDrivers/Inc" -I"/home/daniel/Robotica/RTOS_workspace/PruebasMotores/App/Inc" -I"/home/daniel/Robotica/RTOS_workspace/CMSIS-Full/Inc" -O0 -ffunction-sections -fdata-sections -Wall -fstack-usage -MMD -MP -MF"App/Src/tunningThePID.d" -MT"App/Src/tunningThePID.o" --specs=nano.specs -mfpu=fpv4-sp-d16 -mfloat-abi=hard -mthumb -o "App/Src/tunningThePID.o"
arm-none-eabi-gcc -o "PruebasMotores.elf" @"objects.list"  -lCMSIS-PeripheralDrivers -lCMSIS-Full -mcpu=cortex-m4 -T"/home/daniel/Robotica/RTOS_workspace/PruebasMotores/STM32F411RETX_FLASH.ld" --specs=nosys.specs -Wl,-Map="PruebasMotores.map" -Wl,--gc-sections -static -L"/home/daniel/Robotica/RTOS_workspace/CMSIS-PeripheralDrivers/Debug" -L"/home/daniel/Robotica/RTOS_workspace/CMSIS-Full/Debug" --specs=nano.specs -mfpu=fpv4-sp-d16 -mfloat-abi=hard -mthumb -u _printf_float -u _scanf_float -Wl,--start-group -lc -lm -Wl,--end-group
Finished building target: PruebasMotores.elf
 
arm-none-eabi-size   PruebasMotores.elf 
   text	   data	    bss	    dec	    hex	filename
  46508	    560	   2688	  49756	   c25c	PruebasMotores.elf
Finished building: default.size.stdout
 
arm-none-eabi-objdump -h -S  PruebasMotores.elf  > "PruebasMotores.list"
Finished building: PruebasMotores.list
 
17:44:17 **** Incremental Build of configuration Debug for project PruebasMotores ****
make clean all 
rm -rf ./Core/Startup/startup_stm32f411retx.d ./Core/Startup/startup_stm32f411retx.o
rm -rf ./Core/Src/syscalls.d ./Core/Src/syscalls.o ./Core/Src/syscalls.su ./Core/Src/sysmem.d ./Core/Src/sysmem.o ./Core/Src/sysmem.su
rm -rf ./App/Src/tunningThePID.d ./App/Src/tunningThePID.o ./App/Src/tunningThePID.su
rm -rf PruebasMotores.elf PruebasMotores.list PruebasMotores.map default.size.stdout
 
arm-none-eabi-gcc -mcpu=cortex-m4 -g3 -DDEBUG -c -x assembler-with-cpp -MMD -MP -MF"Core/Startup/startup_stm32f411retx.d" -MT"Core/Startup/startup_stm32f411retx.o" --specs=nano.specs -mfpu=fpv4-sp-d16 -mfloat-abi=hard -mthumb -o "Core/Startup/startup_stm32f411retx.o" "../Core/Startup/startup_stm32f411retx.s"
arm-none-eabi-gcc "../Core/Src/syscalls.c" -mcpu=cortex-m4 -std=gnu11 -g3 -DDEBUG -DSTM32 -DSTM32F4 -DSTM32F411RETx -DSTM32F411xE -c -I"/home/daniel/Robotica/RTOS_workspace/PruebasMotores/Drivers/Core/Include" -I"/home/daniel/Robotica/RTOS_workspace/PruebasMotores/Drivers/Device/ST/STM32F4xx/Include" -I"/home/daniel/Robotica/RTOS_workspace/CMSIS-PeripheralDrivers/Inc" -I"/home/daniel/Robotica/RTOS_workspace/PruebasMotores/App/Inc" -I"/home/daniel/Robotica/RTOS_workspace/CMSIS-Full/Inc" -O0 -ffunction-sections -fdata-sections -Wall -fstack-usage -MMD -MP -MF"Core/Src/syscalls.d" -MT"Core/Src/syscalls.o" --specs=nano.specs -mfpu=fpv4-sp-d16 -mfloat-abi=hard -mthumb -o "Core/Src/syscalls.o"
arm-none-eabi-gcc "../Core/Src/sysmem.c" -mcpu=cortex-m4 -std=gnu11 -g3 -DDEBUG -DSTM32 -DSTM32F4 -DSTM32F411RETx -DSTM32F411xE -c -I"/home/daniel/Robotica/RTOS_workspace/PruebasMotores/Drivers/Core/Include" -I"/home/daniel/Robotica/RTOS_workspace/PruebasMotores/Drivers/Device/ST/STM32F4xx/Include" -I"/home/daniel/Robotica/RTOS_workspace/CMSIS-PeripheralDrivers/Inc" -I"/home/daniel/Robotica/RTOS_workspace/PruebasMotores/App/Inc" -I"/home/daniel/Robotica/RTOS_workspace/CMSIS-Full/Inc" -O0 -ffunction-sections -fdata-sections -Wall -fstack-usage -MMD -MP -MF"Core/Src/sysmem.d" -MT"Core/Src/sysmem.o" --specs=nano.specs -mfpu=fpv4-sp-d16 -mfloat-abi=hard -mthumb -o "Core/Src/sysmem.o"
arm-none-eabi-gcc "../App/Src/tunningThePID.c" -mcpu=cortex-m4 -std=gnu11 -g3 -DDEBUG -DSTM32 -DSTM32F4 -DSTM32F411RETx -DSTM32F411xE -c -I"/home/daniel/Robotica/RTOS_workspace/PruebasMotores/Drivers/Core/Include" -I"/home/daniel/Robotica/RTOS_workspace/PruebasMotores/Drivers/Device/ST/STM32F4xx/Include" -I"/home/daniel/Robotica/RTOS_workspace/CMSIS-PeripheralDrivers/Inc" -I"/home/daniel/Robotica/RTOS_workspace/PruebasMotores/App/Inc" -I"/home/daniel/Robotica/RTOS_workspace/CMSIS-Full/Inc" -O0 -ffunction-sections -fdata-sections -Wall -fstack-usage -MMD -MP -MF"App/Src/tunningThePID.d" -MT"App/Src/tunningThePID.o" --specs=nano.specs -mfpu=fpv4-sp-d16 -mfloat-abi=hard -mthumb -o "App/Src/tunningThePID.o"
arm-none-eabi-gcc -o "PruebasMotores.elf" @"objects.list"  -lCMSIS-PeripheralDrivers -lCMSIS-Full -mcpu=cortex-m4 -T"/home/daniel/Robotica/RTOS_workspace/PruebasMotores/STM32F411RETX_FLASH.ld" --specs=nosys.specs -Wl,-Map="PruebasMotores.map" -Wl,--gc-sections -static -L"/home/daniel/Robotica/RTOS_workspace/CMSIS-PeripheralDrivers/Debug" -L"/home/daniel/Robotica/RTOS_workspace/CMSIS-Full/Debug" --specs=nano.specs -mfpu=fpv4-sp-d16 -mfloat-abi=hard -mthumb -u _printf_float -u _scanf_float -Wl,--start-group -lc -lm -Wl,--end-group
Finished building target: PruebasMotores.elf
 
arm-none-eabi-size   PruebasMotores.elf 
   text	   data	    bss	    dec	    hex	filename
  46508	    560	   2688	  49756	   c25c	PruebasMotores.elf
Finished building: default.size.stdout
 
arm-none-eabi-objdump -h -S  PruebasMotores.elf  > "PruebasMotores.list"
Finished building: PruebasMotores.list
 
17:54:13 **** Incremental Build of configuration Debug for project PruebasMotores ****
make clean all 
rm -rf ./Core/Startup/startup_stm32f411retx.d ./Core/Startup/startup_stm32f411retx.o
rm -rf ./Core/Src/syscalls.d ./Core/Src/syscalls.o ./Core/Src/syscalls.su ./Core/Src/sysmem.d ./Core/Src/sysmem.o ./Core/Src/sysmem.su
rm -rf ./App/Src/tunningThePID.d ./App/Src/tunningThePID.o ./App/Src/tunningThePID.su
rm -rf PruebasMotores.elf PruebasMotores.list PruebasMotores.map default.size.stdout
 
arm-none-eabi-gcc -mcpu=cortex-m4 -g3 -DDEBUG -c -x assembler-with-cpp -MMD -MP -MF"Core/Startup/startup_stm32f411retx.d" -MT"Core/Startup/startup_stm32f411retx.o" --specs=nano.specs -mfpu=fpv4-sp-d16 -mfloat-abi=hard -mthumb -o "Core/Startup/startup_stm32f411retx.o" "../Core/Startup/startup_stm32f411retx.s"
arm-none-eabi-gcc "../Core/Src/syscalls.c" -mcpu=cortex-m4 -std=gnu11 -g3 -DDEBUG -DSTM32 -DSTM32F4 -DSTM32F411RETx -DSTM32F411xE -c -I"/home/daniel/Robotica/RTOS_workspace/PruebasMotores/Drivers/Core/Include" -I"/home/daniel/Robotica/RTOS_workspace/PruebasMotores/Drivers/Device/ST/STM32F4xx/Include" -I"/home/daniel/Robotica/RTOS_workspace/CMSIS-PeripheralDrivers/Inc" -I"/home/daniel/Robotica/RTOS_workspace/PruebasMotores/App/Inc" -I"/home/daniel/Robotica/RTOS_workspace/CMSIS-Full/Inc" -O0 -ffunction-sections -fdata-sections -Wall -fstack-usage -MMD -MP -MF"Core/Src/syscalls.d" -MT"Core/Src/syscalls.o" --specs=nano.specs -mfpu=fpv4-sp-d16 -mfloat-abi=hard -mthumb -o "Core/Src/syscalls.o"
arm-none-eabi-gcc "../Core/Src/sysmem.c" -mcpu=cortex-m4 -std=gnu11 -g3 -DDEBUG -DSTM32 -DSTM32F4 -DSTM32F411RETx -DSTM32F411xE -c -I"/home/daniel/Robotica/RTOS_workspace/PruebasMotores/Drivers/Core/Include" -I"/home/daniel/Robotica/RTOS_workspace/PruebasMotores/Drivers/Device/ST/STM32F4xx/Include" -I"/home/daniel/Robotica/RTOS_workspace/CMSIS-PeripheralDrivers/Inc" -I"/home/daniel/Robotica/RTOS_workspace/PruebasMotores/App/Inc" -I"/home/daniel/Robotica/RTOS_workspace/CMSIS-Full/Inc" -O0 -ffunction-sections -fdata-sections -Wall -fstack-usage -MMD -MP -MF"Core/Src/sysmem.d" -MT"Core/Src/sysmem.o" --specs=nano.specs -mfpu=fpv4-sp-d16 -mfloat-abi=hard -mthumb -o "Core/Src/sysmem.o"
arm-none-eabi-gcc "../App/Src/tunningThePID.c" -mcpu=cortex-m4 -std=gnu11 -g3 -DDEBUG -DSTM32 -DSTM32F4 -DSTM32F411RETx -DSTM32F411xE -c -I"/home/daniel/Robotica/RTOS_workspace/PruebasMotores/Drivers/Core/Include" -I"/home/daniel/Robotica/RTOS_workspace/PruebasMotores/Drivers/Device/ST/STM32F4xx/Include" -I"/home/daniel/Robotica/RTOS_workspace/CMSIS-PeripheralDrivers/Inc" -I"/home/daniel/Robotica/RTOS_workspace/PruebasMotores/App/Inc" -I"/home/daniel/Robotica/RTOS_workspace/CMSIS-Full/Inc" -O0 -ffunction-sections -fdata-sections -Wall -fstack-usage -MMD -MP -MF"App/Src/tunningThePID.d" -MT"App/Src/tunningThePID.o" --specs=nano.specs -mfpu=fpv4-sp-d16 -mfloat-abi=hard -mthumb -o "App/Src/tunningThePID.o"
arm-none-eabi-gcc -o "PruebasMotores.elf" @"objects.list"  -lCMSIS-PeripheralDrivers -lCMSIS-Full -mcpu=cortex-m4 -T"/home/daniel/Robotica/RTOS_workspace/PruebasMotores/STM32F411RETX_FLASH.ld" --specs=nosys.specs -Wl,-Map="PruebasMotores.map" -Wl,--gc-sections -static -L"/home/daniel/Robotica/RTOS_workspace/CMSIS-PeripheralDrivers/Debug" -L"/home/daniel/Robotica/RTOS_workspace/CMSIS-Full/Debug" --specs=nano.specs -mfpu=fpv4-sp-d16 -mfloat-abi=hard -mthumb -u _printf_float -u _scanf_float -Wl,--start-group -lc -lm -Wl,--end-group
Finished building target: PruebasMotores.elf
 
arm-none-eabi-size   PruebasMotores.elf 
   text	   data	    bss	    dec	    hex	filename
  46508	    560	   2688	  49756	   c25c	PruebasMotores.elf
Finished building: default.size.stdout
 
arm-none-eabi-objdump -h -S  PruebasMotores.elf  > "PruebasMotores.list"
Finished building: PruebasMotores.list
 
17:56:19 **** Incremental Build of configuration Debug for project PruebasMotores ****
make clean all 
rm -rf ./Core/Startup/startup_stm32f411retx.d ./Core/Startup/startup_stm32f411retx.o
rm -rf ./Core/Src/syscalls.d ./Core/Src/syscalls.o ./Core/Src/syscalls.su ./Core/Src/sysmem.d ./Core/Src/sysmem.o ./Core/Src/sysmem.su
rm -rf ./App/Src/tunningThePID.d ./App/Src/tunningThePID.o ./App/Src/tunningThePID.su
rm -rf PruebasMotores.elf PruebasMotores.list PruebasMotores.map default.size.stdout
 
arm-none-eabi-gcc -mcpu=cortex-m4 -g3 -DDEBUG -c -x assembler-with-cpp -MMD -MP -MF"Core/Startup/startup_stm32f411retx.d" -MT"Core/Startup/startup_stm32f411retx.o" --specs=nano.specs -mfpu=fpv4-sp-d16 -mfloat-abi=hard -mthumb -o "Core/Startup/startup_stm32f411retx.o" "../Core/Startup/startup_stm32f411retx.s"
arm-none-eabi-gcc "../Core/Src/syscalls.c" -mcpu=cortex-m4 -std=gnu11 -g3 -DDEBUG -DSTM32 -DSTM32F4 -DSTM32F411RETx -DSTM32F411xE -c -I"/home/daniel/Robotica/RTOS_workspace/PruebasMotores/Drivers/Core/Include" -I"/home/daniel/Robotica/RTOS_workspace/PruebasMotores/Drivers/Device/ST/STM32F4xx/Include" -I"/home/daniel/Robotica/RTOS_workspace/CMSIS-PeripheralDrivers/Inc" -I"/home/daniel/Robotica/RTOS_workspace/PruebasMotores/App/Inc" -I"/home/daniel/Robotica/RTOS_workspace/CMSIS-Full/Inc" -O0 -ffunction-sections -fdata-sections -Wall -fstack-usage -MMD -MP -MF"Core/Src/syscalls.d" -MT"Core/Src/syscalls.o" --specs=nano.specs -mfpu=fpv4-sp-d16 -mfloat-abi=hard -mthumb -o "Core/Src/syscalls.o"
arm-none-eabi-gcc "../Core/Src/sysmem.c" -mcpu=cortex-m4 -std=gnu11 -g3 -DDEBUG -DSTM32 -DSTM32F4 -DSTM32F411RETx -DSTM32F411xE -c -I"/home/daniel/Robotica/RTOS_workspace/PruebasMotores/Drivers/Core/Include" -I"/home/daniel/Robotica/RTOS_workspace/PruebasMotores/Drivers/Device/ST/STM32F4xx/Include" -I"/home/daniel/Robotica/RTOS_workspace/CMSIS-PeripheralDrivers/Inc" -I"/home/daniel/Robotica/RTOS_workspace/PruebasMotores/App/Inc" -I"/home/daniel/Robotica/RTOS_workspace/CMSIS-Full/Inc" -O0 -ffunction-sections -fdata-sections -Wall -fstack-usage -MMD -MP -MF"Core/Src/sysmem.d" -MT"Core/Src/sysmem.o" --specs=nano.specs -mfpu=fpv4-sp-d16 -mfloat-abi=hard -mthumb -o "Core/Src/sysmem.o"
arm-none-eabi-gcc "../App/Src/tunningThePID.c" -mcpu=cortex-m4 -std=gnu11 -g3 -DDEBUG -DSTM32 -DSTM32F4 -DSTM32F411RETx -DSTM32F411xE -c -I"/home/daniel/Robotica/RTOS_workspace/PruebasMotores/Drivers/Core/Include" -I"/home/daniel/Robotica/RTOS_workspace/PruebasMotores/Drivers/Device/ST/STM32F4xx/Include" -I"/home/daniel/Robotica/RTOS_workspace/CMSIS-PeripheralDrivers/Inc" -I"/home/daniel/Robotica/RTOS_workspace/PruebasMotores/App/Inc" -I"/home/daniel/Robotica/RTOS_workspace/CMSIS-Full/Inc" -O0 -ffunction-sections -fdata-sections -Wall -fstack-usage -MMD -MP -MF"App/Src/tunningThePID.d" -MT"App/Src/tunningThePID.o" --specs=nano.specs -mfpu=fpv4-sp-d16 -mfloat-abi=hard -mthumb -o "App/Src/tunningThePID.o"
arm-none-eabi-gcc -o "PruebasMotores.elf" @"objects.list"  -lCMSIS-PeripheralDrivers -lCMSIS-Full -mcpu=cortex-m4 -T"/home/daniel/Robotica/RTOS_workspace/PruebasMotores/STM32F411RETX_FLASH.ld" --specs=nosys.specs -Wl,-Map="PruebasMotores.map" -Wl,--gc-sections -static -L"/home/daniel/Robotica/RTOS_workspace/CMSIS-PeripheralDrivers/Debug" -L"/home/daniel/Robotica/RTOS_workspace/CMSIS-Full/Debug" --specs=nano.specs -mfpu=fpv4-sp-d16 -mfloat-abi=hard -mthumb -u _printf_float -u _scanf_float -Wl,--start-group -lc -lm -Wl,--end-group
Finished building target: PruebasMotores.elf
 
arm-none-eabi-size   PruebasMotores.elf 
   text	   data	    bss	    dec	    hex	filename
  46508	    560	   2688	  49756	   c25c	PruebasMotores.elf
Finished building: default.size.stdout
 
arm-none-eabi-objdump -h -S  PruebasMotores.elf  > "PruebasMotores.list"
Finished building: PruebasMotores.list
 
17:59:35 **** Incremental Build of configuration Debug for project PruebasMotores ****
make clean all 
rm -rf ./Core/Startup/startup_stm32f411retx.d ./Core/Startup/startup_stm32f411retx.o
rm -rf ./Core/Src/syscalls.d ./Core/Src/syscalls.o ./Core/Src/syscalls.su ./Core/Src/sysmem.d ./Core/Src/sysmem.o ./Core/Src/sysmem.su
rm -rf ./App/Src/tunningThePID.d ./App/Src/tunningThePID.o ./App/Src/tunningThePID.su
rm -rf PruebasMotores.elf PruebasMotores.list PruebasMotores.map default.size.stdout
 
arm-none-eabi-gcc -mcpu=cortex-m4 -g3 -DDEBUG -c -x assembler-with-cpp -MMD -MP -MF"Core/Startup/startup_stm32f411retx.d" -MT"Core/Startup/startup_stm32f411retx.o" --specs=nano.specs -mfpu=fpv4-sp-d16 -mfloat-abi=hard -mthumb -o "Core/Startup/startup_stm32f411retx.o" "../Core/Startup/startup_stm32f411retx.s"
arm-none-eabi-gcc "../Core/Src/syscalls.c" -mcpu=cortex-m4 -std=gnu11 -g3 -DDEBUG -DSTM32 -DSTM32F4 -DSTM32F411RETx -DSTM32F411xE -c -I"/home/daniel/Robotica/RTOS_workspace/PruebasMotores/Drivers/Core/Include" -I"/home/daniel/Robotica/RTOS_workspace/PruebasMotores/Drivers/Device/ST/STM32F4xx/Include" -I"/home/daniel/Robotica/RTOS_workspace/CMSIS-PeripheralDrivers/Inc" -I"/home/daniel/Robotica/RTOS_workspace/PruebasMotores/App/Inc" -I"/home/daniel/Robotica/RTOS_workspace/CMSIS-Full/Inc" -O0 -ffunction-sections -fdata-sections -Wall -fstack-usage -MMD -MP -MF"Core/Src/syscalls.d" -MT"Core/Src/syscalls.o" --specs=nano.specs -mfpu=fpv4-sp-d16 -mfloat-abi=hard -mthumb -o "Core/Src/syscalls.o"
arm-none-eabi-gcc "../Core/Src/sysmem.c" -mcpu=cortex-m4 -std=gnu11 -g3 -DDEBUG -DSTM32 -DSTM32F4 -DSTM32F411RETx -DSTM32F411xE -c -I"/home/daniel/Robotica/RTOS_workspace/PruebasMotores/Drivers/Core/Include" -I"/home/daniel/Robotica/RTOS_workspace/PruebasMotores/Drivers/Device/ST/STM32F4xx/Include" -I"/home/daniel/Robotica/RTOS_workspace/CMSIS-PeripheralDrivers/Inc" -I"/home/daniel/Robotica/RTOS_workspace/PruebasMotores/App/Inc" -I"/home/daniel/Robotica/RTOS_workspace/CMSIS-Full/Inc" -O0 -ffunction-sections -fdata-sections -Wall -fstack-usage -MMD -MP -MF"Core/Src/sysmem.d" -MT"Core/Src/sysmem.o" --specs=nano.specs -mfpu=fpv4-sp-d16 -mfloat-abi=hard -mthumb -o "Core/Src/sysmem.o"
arm-none-eabi-gcc "../App/Src/tunningThePID.c" -mcpu=cortex-m4 -std=gnu11 -g3 -DDEBUG -DSTM32 -DSTM32F4 -DSTM32F411RETx -DSTM32F411xE -c -I"/home/daniel/Robotica/RTOS_workspace/PruebasMotores/Drivers/Core/Include" -I"/home/daniel/Robotica/RTOS_workspace/PruebasMotores/Drivers/Device/ST/STM32F4xx/Include" -I"/home/daniel/Robotica/RTOS_workspace/CMSIS-PeripheralDrivers/Inc" -I"/home/daniel/Robotica/RTOS_workspace/PruebasMotores/App/Inc" -I"/home/daniel/Robotica/RTOS_workspace/CMSIS-Full/Inc" -O0 -ffunction-sections -fdata-sections -Wall -fstack-usage -MMD -MP -MF"App/Src/tunningThePID.d" -MT"App/Src/tunningThePID.o" --specs=nano.specs -mfpu=fpv4-sp-d16 -mfloat-abi=hard -mthumb -o "App/Src/tunningThePID.o"
arm-none-eabi-gcc -o "PruebasMotores.elf" @"objects.list"  -lCMSIS-PeripheralDrivers -lCMSIS-Full -mcpu=cortex-m4 -T"/home/daniel/Robotica/RTOS_workspace/PruebasMotores/STM32F411RETX_FLASH.ld" --specs=nosys.specs -Wl,-Map="PruebasMotores.map" -Wl,--gc-sections -static -L"/home/daniel/Robotica/RTOS_workspace/CMSIS-PeripheralDrivers/Debug" -L"/home/daniel/Robotica/RTOS_workspace/CMSIS-Full/Debug" --specs=nano.specs -mfpu=fpv4-sp-d16 -mfloat-abi=hard -mthumb -u _printf_float -u _scanf_float -Wl,--start-group -lc -lm -Wl,--end-group
Finished building target: PruebasMotores.elf
 
arm-none-eabi-size   PruebasMotores.elf 
   text	   data	    bss	    dec	    hex	filename
  46508	    560	   2688	  49756	   c25c	PruebasMotores.elf
Finished building: default.size.stdout
 
arm-none-eabi-objdump -h -S  PruebasMotores.elf  > "PruebasMotores.list"
Finished building: PruebasMotores.list
 
18:02:06 **** Incremental Build of configuration Debug for project PruebasMotores ****
make clean all 
rm -rf ./Core/Startup/startup_stm32f411retx.d ./Core/Startup/startup_stm32f411retx.o
rm -rf ./Core/Src/syscalls.d ./Core/Src/syscalls.o ./Core/Src/syscalls.su ./Core/Src/sysmem.d ./Core/Src/sysmem.o ./Core/Src/sysmem.su
rm -rf ./App/Src/tunningThePID.d ./App/Src/tunningThePID.o ./App/Src/tunningThePID.su
rm -rf PruebasMotores.elf PruebasMotores.list PruebasMotores.map default.size.stdout
 
arm-none-eabi-gcc -mcpu=cortex-m4 -g3 -DDEBUG -c -x assembler-with-cpp -MMD -MP -MF"Core/Startup/startup_stm32f411retx.d" -MT"Core/Startup/startup_stm32f411retx.o" --specs=nano.specs -mfpu=fpv4-sp-d16 -mfloat-abi=hard -mthumb -o "Core/Startup/startup_stm32f411retx.o" "../Core/Startup/startup_stm32f411retx.s"
arm-none-eabi-gcc "../Core/Src/syscalls.c" -mcpu=cortex-m4 -std=gnu11 -g3 -DDEBUG -DSTM32 -DSTM32F4 -DSTM32F411RETx -DSTM32F411xE -c -I"/home/daniel/Robotica/RTOS_workspace/PruebasMotores/Drivers/Core/Include" -I"/home/daniel/Robotica/RTOS_workspace/PruebasMotores/Drivers/Device/ST/STM32F4xx/Include" -I"/home/daniel/Robotica/RTOS_workspace/CMSIS-PeripheralDrivers/Inc" -I"/home/daniel/Robotica/RTOS_workspace/PruebasMotores/App/Inc" -I"/home/daniel/Robotica/RTOS_workspace/CMSIS-Full/Inc" -O0 -ffunction-sections -fdata-sections -Wall -fstack-usage -MMD -MP -MF"Core/Src/syscalls.d" -MT"Core/Src/syscalls.o" --specs=nano.specs -mfpu=fpv4-sp-d16 -mfloat-abi=hard -mthumb -o "Core/Src/syscalls.o"
arm-none-eabi-gcc "../Core/Src/sysmem.c" -mcpu=cortex-m4 -std=gnu11 -g3 -DDEBUG -DSTM32 -DSTM32F4 -DSTM32F411RETx -DSTM32F411xE -c -I"/home/daniel/Robotica/RTOS_workspace/PruebasMotores/Drivers/Core/Include" -I"/home/daniel/Robotica/RTOS_workspace/PruebasMotores/Drivers/Device/ST/STM32F4xx/Include" -I"/home/daniel/Robotica/RTOS_workspace/CMSIS-PeripheralDrivers/Inc" -I"/home/daniel/Robotica/RTOS_workspace/PruebasMotores/App/Inc" -I"/home/daniel/Robotica/RTOS_workspace/CMSIS-Full/Inc" -O0 -ffunction-sections -fdata-sections -Wall -fstack-usage -MMD -MP -MF"Core/Src/sysmem.d" -MT"Core/Src/sysmem.o" --specs=nano.specs -mfpu=fpv4-sp-d16 -mfloat-abi=hard -mthumb -o "Core/Src/sysmem.o"
arm-none-eabi-gcc "../App/Src/tunningThePID.c" -mcpu=cortex-m4 -std=gnu11 -g3 -DDEBUG -DSTM32 -DSTM32F4 -DSTM32F411RETx -DSTM32F411xE -c -I"/home/daniel/Robotica/RTOS_workspace/PruebasMotores/Drivers/Core/Include" -I"/home/daniel/Robotica/RTOS_workspace/PruebasMotores/Drivers/Device/ST/STM32F4xx/Include" -I"/home/daniel/Robotica/RTOS_workspace/CMSIS-PeripheralDrivers/Inc" -I"/home/daniel/Robotica/RTOS_workspace/PruebasMotores/App/Inc" -I"/home/daniel/Robotica/RTOS_workspace/CMSIS-Full/Inc" -O0 -ffunction-sections -fdata-sections -Wall -fstack-usage -MMD -MP -MF"App/Src/tunningThePID.d" -MT"App/Src/tunningThePID.o" --specs=nano.specs -mfpu=fpv4-sp-d16 -mfloat-abi=hard -mthumb -o "App/Src/tunningThePID.o"
arm-none-eabi-gcc -o "PruebasMotores.elf" @"objects.list"  -lCMSIS-PeripheralDrivers -lCMSIS-Full -mcpu=cortex-m4 -T"/home/daniel/Robotica/RTOS_workspace/PruebasMotores/STM32F411RETX_FLASH.ld" --specs=nosys.specs -Wl,-Map="PruebasMotores.map" -Wl,--gc-sections -static -L"/home/daniel/Robotica/RTOS_workspace/CMSIS-PeripheralDrivers/Debug" -L"/home/daniel/Robotica/RTOS_workspace/CMSIS-Full/Debug" --specs=nano.specs -mfpu=fpv4-sp-d16 -mfloat-abi=hard -mthumb -u _printf_float -u _scanf_float -Wl,--start-group -lc -lm -Wl,--end-group
Finished building target: PruebasMotores.elf
 
arm-none-eabi-size   PruebasMotores.elf 
   text	   data	    bss	    dec	    hex	filename
  46508	    560	   2688	  49756	   c25c	PruebasMotores.elf
Finished building: default.size.stdout
 
arm-none-eabi-objdump -h -S  PruebasMotores.elf  > "PruebasMotores.list"
Finished building: PruebasMotores.list
 
18:02:19 **** Incremental Build of configuration Debug for project PruebasMotores ****
make clean all 
rm -rf ./Core/Startup/startup_stm32f411retx.d ./Core/Startup/startup_stm32f411retx.o
rm -rf ./Core/Src/syscalls.d ./Core/Src/syscalls.o ./Core/Src/syscalls.su ./Core/Src/sysmem.d ./Core/Src/sysmem.o ./Core/Src/sysmem.su
rm -rf ./App/Src/tunningThePID.d ./App/Src/tunningThePID.o ./App/Src/tunningThePID.su
rm -rf PruebasMotores.elf PruebasMotores.list PruebasMotores.map default.size.stdout
 
arm-none-eabi-gcc -mcpu=cortex-m4 -g3 -DDEBUG -c -x assembler-with-cpp -MMD -MP -MF"Core/Startup/startup_stm32f411retx.d" -MT"Core/Startup/startup_stm32f411retx.o" --specs=nano.specs -mfpu=fpv4-sp-d16 -mfloat-abi=hard -mthumb -o "Core/Startup/startup_stm32f411retx.o" "../Core/Startup/startup_stm32f411retx.s"
arm-none-eabi-gcc "../Core/Src/syscalls.c" -mcpu=cortex-m4 -std=gnu11 -g3 -DDEBUG -DSTM32 -DSTM32F4 -DSTM32F411RETx -DSTM32F411xE -c -I"/home/daniel/Robotica/RTOS_workspace/PruebasMotores/Drivers/Core/Include" -I"/home/daniel/Robotica/RTOS_workspace/PruebasMotores/Drivers/Device/ST/STM32F4xx/Include" -I"/home/daniel/Robotica/RTOS_workspace/CMSIS-PeripheralDrivers/Inc" -I"/home/daniel/Robotica/RTOS_workspace/PruebasMotores/App/Inc" -I"/home/daniel/Robotica/RTOS_workspace/CMSIS-Full/Inc" -O0 -ffunction-sections -fdata-sections -Wall -fstack-usage -MMD -MP -MF"Core/Src/syscalls.d" -MT"Core/Src/syscalls.o" --specs=nano.specs -mfpu=fpv4-sp-d16 -mfloat-abi=hard -mthumb -o "Core/Src/syscalls.o"
arm-none-eabi-gcc "../Core/Src/sysmem.c" -mcpu=cortex-m4 -std=gnu11 -g3 -DDEBUG -DSTM32 -DSTM32F4 -DSTM32F411RETx -DSTM32F411xE -c -I"/home/daniel/Robotica/RTOS_workspace/PruebasMotores/Drivers/Core/Include" -I"/home/daniel/Robotica/RTOS_workspace/PruebasMotores/Drivers/Device/ST/STM32F4xx/Include" -I"/home/daniel/Robotica/RTOS_workspace/CMSIS-PeripheralDrivers/Inc" -I"/home/daniel/Robotica/RTOS_workspace/PruebasMotores/App/Inc" -I"/home/daniel/Robotica/RTOS_workspace/CMSIS-Full/Inc" -O0 -ffunction-sections -fdata-sections -Wall -fstack-usage -MMD -MP -MF"Core/Src/sysmem.d" -MT"Core/Src/sysmem.o" --specs=nano.specs -mfpu=fpv4-sp-d16 -mfloat-abi=hard -mthumb -o "Core/Src/sysmem.o"
arm-none-eabi-gcc "../App/Src/tunningThePID.c" -mcpu=cortex-m4 -std=gnu11 -g3 -DDEBUG -DSTM32 -DSTM32F4 -DSTM32F411RETx -DSTM32F411xE -c -I"/home/daniel/Robotica/RTOS_workspace/PruebasMotores/Drivers/Core/Include" -I"/home/daniel/Robotica/RTOS_workspace/PruebasMotores/Drivers/Device/ST/STM32F4xx/Include" -I"/home/daniel/Robotica/RTOS_workspace/CMSIS-PeripheralDrivers/Inc" -I"/home/daniel/Robotica/RTOS_workspace/PruebasMotores/App/Inc" -I"/home/daniel/Robotica/RTOS_workspace/CMSIS-Full/Inc" -O0 -ffunction-sections -fdata-sections -Wall -fstack-usage -MMD -MP -MF"App/Src/tunningThePID.d" -MT"App/Src/tunningThePID.o" --specs=nano.specs -mfpu=fpv4-sp-d16 -mfloat-abi=hard -mthumb -o "App/Src/tunningThePID.o"
arm-none-eabi-gcc -o "PruebasMotores.elf" @"objects.list"  -lCMSIS-PeripheralDrivers -lCMSIS-Full -mcpu=cortex-m4 -T"/home/daniel/Robotica/RTOS_workspace/PruebasMotores/STM32F411RETX_FLASH.ld" --specs=nosys.specs -Wl,-Map="PruebasMotores.map" -Wl,--gc-sections -static -L"/home/daniel/Robotica/RTOS_workspace/CMSIS-PeripheralDrivers/Debug" -L"/home/daniel/Robotica/RTOS_workspace/CMSIS-Full/Debug" --specs=nano.specs -mfpu=fpv4-sp-d16 -mfloat-abi=hard -mthumb -u _printf_float -u _scanf_float -Wl,--start-group -lc -lm -Wl,--end-group
Finished building target: PruebasMotores.elf
 
arm-none-eabi-size   PruebasMotores.elf 
   text	   data	    bss	    dec	    hex	filename
  46508	    560	   2688	  49756	   c25c	PruebasMotores.elf
Finished building: default.size.stdout
 
arm-none-eabi-objdump -h -S  PruebasMotores.elf  > "PruebasMotores.list"
Finished building: PruebasMotores.list
 
18:08:19 **** Incremental Build of configuration Debug for project PruebasMotores ****
make clean all 
rm -rf ./Core/Startup/startup_stm32f411retx.d ./Core/Startup/startup_stm32f411retx.o
rm -rf ./Core/Src/syscalls.d ./Core/Src/syscalls.o ./Core/Src/syscalls.su ./Core/Src/sysmem.d ./Core/Src/sysmem.o ./Core/Src/sysmem.su
rm -rf ./App/Src/tunningThePID.d ./App/Src/tunningThePID.o ./App/Src/tunningThePID.su
rm -rf PruebasMotores.elf PruebasMotores.list PruebasMotores.map default.size.stdout
 
arm-none-eabi-gcc -mcpu=cortex-m4 -g3 -DDEBUG -c -x assembler-with-cpp -MMD -MP -MF"Core/Startup/startup_stm32f411retx.d" -MT"Core/Startup/startup_stm32f411retx.o" --specs=nano.specs -mfpu=fpv4-sp-d16 -mfloat-abi=hard -mthumb -o "Core/Startup/startup_stm32f411retx.o" "../Core/Startup/startup_stm32f411retx.s"
arm-none-eabi-gcc "../Core/Src/syscalls.c" -mcpu=cortex-m4 -std=gnu11 -g3 -DDEBUG -DSTM32 -DSTM32F4 -DSTM32F411RETx -DSTM32F411xE -c -I"/home/daniel/Robotica/RTOS_workspace/PruebasMotores/Drivers/Core/Include" -I"/home/daniel/Robotica/RTOS_workspace/PruebasMotores/Drivers/Device/ST/STM32F4xx/Include" -I"/home/daniel/Robotica/RTOS_workspace/CMSIS-PeripheralDrivers/Inc" -I"/home/daniel/Robotica/RTOS_workspace/PruebasMotores/App/Inc" -I"/home/daniel/Robotica/RTOS_workspace/CMSIS-Full/Inc" -O0 -ffunction-sections -fdata-sections -Wall -fstack-usage -MMD -MP -MF"Core/Src/syscalls.d" -MT"Core/Src/syscalls.o" --specs=nano.specs -mfpu=fpv4-sp-d16 -mfloat-abi=hard -mthumb -o "Core/Src/syscalls.o"
arm-none-eabi-gcc "../Core/Src/sysmem.c" -mcpu=cortex-m4 -std=gnu11 -g3 -DDEBUG -DSTM32 -DSTM32F4 -DSTM32F411RETx -DSTM32F411xE -c -I"/home/daniel/Robotica/RTOS_workspace/PruebasMotores/Drivers/Core/Include" -I"/home/daniel/Robotica/RTOS_workspace/PruebasMotores/Drivers/Device/ST/STM32F4xx/Include" -I"/home/daniel/Robotica/RTOS_workspace/CMSIS-PeripheralDrivers/Inc" -I"/home/daniel/Robotica/RTOS_workspace/PruebasMotores/App/Inc" -I"/home/daniel/Robotica/RTOS_workspace/CMSIS-Full/Inc" -O0 -ffunction-sections -fdata-sections -Wall -fstack-usage -MMD -MP -MF"Core/Src/sysmem.d" -MT"Core/Src/sysmem.o" --specs=nano.specs -mfpu=fpv4-sp-d16 -mfloat-abi=hard -mthumb -o "Core/Src/sysmem.o"
arm-none-eabi-gcc "../App/Src/tunningThePID.c" -mcpu=cortex-m4 -std=gnu11 -g3 -DDEBUG -DSTM32 -DSTM32F4 -DSTM32F411RETx -DSTM32F411xE -c -I"/home/daniel/Robotica/RTOS_workspace/PruebasMotores/Drivers/Core/Include" -I"/home/daniel/Robotica/RTOS_workspace/PruebasMotores/Drivers/Device/ST/STM32F4xx/Include" -I"/home/daniel/Robotica/RTOS_workspace/CMSIS-PeripheralDrivers/Inc" -I"/home/daniel/Robotica/RTOS_workspace/PruebasMotores/App/Inc" -I"/home/daniel/Robotica/RTOS_workspace/CMSIS-Full/Inc" -O0 -ffunction-sections -fdata-sections -Wall -fstack-usage -MMD -MP -MF"App/Src/tunningThePID.d" -MT"App/Src/tunningThePID.o" --specs=nano.specs -mfpu=fpv4-sp-d16 -mfloat-abi=hard -mthumb -o "App/Src/tunningThePID.o"
arm-none-eabi-gcc -o "PruebasMotores.elf" @"objects.list"  -lCMSIS-PeripheralDrivers -lCMSIS-Full -mcpu=cortex-m4 -T"/home/daniel/Robotica/RTOS_workspace/PruebasMotores/STM32F411RETX_FLASH.ld" --specs=nosys.specs -Wl,-Map="PruebasMotores.map" -Wl,--gc-sections -static -L"/home/daniel/Robotica/RTOS_workspace/CMSIS-PeripheralDrivers/Debug" -L"/home/daniel/Robotica/RTOS_workspace/CMSIS-Full/Debug" --specs=nano.specs -mfpu=fpv4-sp-d16 -mfloat-abi=hard -mthumb -u _printf_float -u _scanf_float -Wl,--start-group -lc -lm -Wl,--end-group
Finished building target: PruebasMotores.elf
 
arm-none-eabi-size   PruebasMotores.elf 
   text	   data	    bss	    dec	    hex	filename
  46508	    560	   2688	  49756	   c25c	PruebasMotores.elf
Finished building: default.size.stdout
 
arm-none-eabi-objdump -h -S  PruebasMotores.elf  > "PruebasMotores.list"
Finished building: PruebasMotores.list
 
18:08:30 **** Incremental Build of configuration Debug for project PruebasMotores ****
make clean all 
rm -rf ./Core/Startup/startup_stm32f411retx.d ./Core/Startup/startup_stm32f411retx.o
rm -rf ./Core/Src/syscalls.d ./Core/Src/syscalls.o ./Core/Src/syscalls.su ./Core/Src/sysmem.d ./Core/Src/sysmem.o ./Core/Src/sysmem.su
[...]
arm-none-eabi-gcc -o "PruebasMotores.elf" @"objects.list"  -lCMSIS-PeripheralDrivers -lCMSIS-Full -mcpu=cortex-m4 -T"/home/daniel/Robotica/RTOS_workspace/PruebasMotores/STM32F411RETX_FLASH.ld" --specs=nosys.specs -Wl,-Map="PruebasMotores.map" -Wl,--gc-sections -static -L"/home/daniel/Robotica/RTOS_workspace/CMSIS-PeripheralDrivers/Debug" -L"/home/daniel/Robotica/RTOS_workspace/CMSIS-Full/Debug" --specs=nano.specs -mfpu=fpv4-sp-d16 -mfloat-abi=hard -mthumb -u _printf_float -u _scanf_float -Wl,--start-group -lc -lm -Wl,--end-group
Finished building target: PruebasMotores.elf
 
arm-none-eabi-size   PruebasMotores.elf 
   text	   data	    bss	    dec	    hex	filename
  46508	    536	   2712	  49756	   c25c	PruebasMotores.elf
Finished building: default.size.stdout
 
arm-none-eabi-objdump -h -S  PruebasMotores.elf  > "PruebasMotores.list"
Finished building: PruebasMotores.list
 
18:40:32 **** Incremental Build of configuration Debug for project PruebasMotores ****
make clean all 
rm -rf ./Core/Startup/startup_stm32f411retx.d ./Core/Startup/startup_stm32f411retx.o
rm -rf ./Core/Src/syscalls.d ./Core/Src/syscalls.o ./Core/Src/syscalls.su ./Core/Src/sysmem.d ./Core/Src/sysmem.o ./Core/Src/sysmem.su
rm -rf ./App/Src/tunningThePID.d ./App/Src/tunningThePID.o ./App/Src/tunningThePID.su
rm -rf PruebasMotores.elf PruebasMotores.list PruebasMotores.map default.size.stdout
 
arm-none-eabi-gcc -mcpu=cortex-m4 -g3 -DDEBUG -c -x assembler-with-cpp -MMD -MP -MF"Core/Startup/startup_stm32f411retx.d" -MT"Core/Startup/startup_stm32f411retx.o" --specs=nano.specs -mfpu=fpv4-sp-d16 -mfloat-abi=hard -mthumb -o "Core/Startup/startup_stm32f411retx.o" "../Core/Startup/startup_stm32f411retx.s"
arm-none-eabi-gcc "../Core/Src/syscalls.c" -mcpu=cortex-m4 -std=gnu11 -g3 -DDEBUG -DSTM32 -DSTM32F4 -DSTM32F411RETx -DSTM32F411xE -c -I"/home/daniel/Robotica/RTOS_workspace/PruebasMotores/Drivers/Core/Include" -I"/home/daniel/Robotica/RTOS_workspace/PruebasMotores/Drivers/Device/ST/STM32F4xx/Include" -I"/home/daniel/Robotica/RTOS_workspace/CMSIS-PeripheralDrivers/Inc" -I"/home/daniel/Robotica/RTOS_workspace/PruebasMotores/App/Inc" -I"/home/daniel/Robotica/RTOS_workspace/CMSIS-Full/Inc" -O0 -ffunction-sections -fdata-sections -Wall -fstack-usage -MMD -MP -MF"Core/Src/syscalls.d" -MT"Core/Src/syscalls.o" --specs=nano.specs -mfpu=fpv4-sp-d16 -mfloat-abi=hard -mthumb -o "Core/Src/syscalls.o"
arm-none-eabi-gcc "../Core/Src/sysmem.c" -mcpu=cortex-m4 -std=gnu11 -g3 -DDEBUG -DSTM32 -DSTM32F4 -DSTM32F411RETx -DSTM32F411xE -c -I"/home/daniel/Robotica/RTOS_workspace/PruebasMotores/Drivers/Core/Include" -I"/home/daniel/Robotica/RTOS_workspace/PruebasMotores/Drivers/Device/ST/STM32F4xx/Include" -I"/home/daniel/Robotica/RTOS_workspace/CMSIS-PeripheralDrivers/Inc" -I"/home/daniel/Robotica/RTOS_workspace/PruebasMotores/App/Inc" -I"/home/daniel/Robotica/RTOS_workspace/CMSIS-Full/Inc" -O0 -ffunction-sections -fdata-sections -Wall -fstack-usage -MMD -MP -MF"Core/Src/sysmem.d" -MT"Core/Src/sysmem.o" --specs=nano.specs -mfpu=fpv4-sp-d16 -mfloat-abi=hard -mthumb -o "Core/Src/sysmem.o"
arm-none-eabi-gcc "../App/Src/tunningThePID.c" -mcpu=cortex-m4 -std=gnu11 -g3 -DDEBUG -DSTM32 -DSTM32F4 -DSTM32F411RETx -DSTM32F411xE -c -I"/home/daniel/Robotica/RTOS_workspace/PruebasMotores/Drivers/Core/Include" -I"/home/daniel/Robotica/RTOS_workspace/PruebasMotores/Drivers/Device/ST/STM32F4xx/Include" -I"/home/daniel/Robotica/RTOS_workspace/CMSIS-PeripheralDrivers/Inc" -I"/home/daniel/Robotica/RTOS_workspace/PruebasMotores/App/Inc" -I"/home/daniel/Robotica/RTOS_workspace/CMSIS-Full/Inc" -O0 -ffunction-sections -fdata-sections -Wall -fstack-usage -MMD -MP -MF"App/Src/tunningThePID.d" -MT"App/Src/tunningThePID.o" --specs=nano.specs -mfpu=fpv4-sp-d16 -mfloat-abi=hard -mthumb -o "App/Src/tunningThePID.o"
arm-none-eabi-gcc -o "PruebasMotores.elf" @"objects.list"  -lCMSIS-PeripheralDrivers -lCMSIS-Full -mcpu=cortex-m4 -T"/home/daniel/Robotica/RTOS_workspace/PruebasMotores/STM32F411RETX_FLASH.ld" --specs=nosys.specs -Wl,-Map="PruebasMotores.map" -Wl,--gc-sections -static -L"/home/daniel/Robotica/RTOS_workspace/CMSIS-PeripheralDrivers/Debug" -L"/home/daniel/Robotica/RTOS_workspace/CMSIS-Full/Debug" --specs=nano.specs -mfpu=fpv4-sp-d16 -mfloat-abi=hard -mthumb -u _printf_float -u _scanf_float -Wl,--start-group -lc -lm -Wl,--end-group
Finished building target: PruebasMotores.elf
 
arm-none-eabi-size   PruebasMotores.elf 
   text	   data	    bss	    dec	    hex	filename
  46508	    536	   2712	  49756	   c25c	PruebasMotores.elf
Finished building: default.size.stdout
 
arm-none-eabi-objdump -h -S  PruebasMotores.elf  > "PruebasMotores.list"
Finished building: PruebasMotores.list
 
18:40:44 **** Incremental Build of configuration Debug for project PruebasMotores ****
make clean all 
rm -rf ./Core/Startup/startup_stm32f411retx.d ./Core/Startup/startup_stm32f411retx.o
rm -rf ./Core/Src/syscalls.d ./Core/Src/syscalls.o ./Core/Src/syscalls.su ./Core/Src/sysmem.d ./Core/Src/sysmem.o ./Core/Src/sysmem.su
rm -rf ./App/Src/tunningThePID.d ./App/Src/tunningThePID.o ./App/Src/tunningThePID.su
rm -rf PruebasMotores.elf PruebasMotores.list PruebasMotores.map default.size.stdout
 
arm-none-eabi-gcc -mcpu=cortex-m4 -g3 -DDEBUG -c -x assembler-with-cpp -MMD -MP -MF"Core/Startup/startup_stm32f411retx.d" -MT"Core/Startup/startup_stm32f411retx.o" --specs=nano.specs -mfpu=fpv4-sp-d16 -mfloat-abi=hard -mthumb -o "Core/Startup/startup_stm32f411retx.o" "../Core/Startup/startup_stm32f411retx.s"
arm-none-eabi-gcc "../Core/Src/syscalls.c" -mcpu=cortex-m4 -std=gnu11 -g3 -DDEBUG -DSTM32 -DSTM32F4 -DSTM32F411RETx -DSTM32F411xE -c -I"/home/daniel/Robotica/RTOS_workspace/PruebasMotores/Drivers/Core/Include" -I"/home/daniel/Robotica/RTOS_workspace/PruebasMotores/Drivers/Device/ST/STM32F4xx/Include" -I"/home/daniel/Robotica/RTOS_workspace/CMSIS-PeripheralDrivers/Inc" -I"/home/daniel/Robotica/RTOS_workspace/PruebasMotores/App/Inc" -I"/home/daniel/Robotica/RTOS_workspace/CMSIS-Full/Inc" -O0 -ffunction-sections -fdata-sections -Wall -fstack-usage -MMD -MP -MF"Core/Src/syscalls.d" -MT"Core/Src/syscalls.o" --specs=nano.specs -mfpu=fpv4-sp-d16 -mfloat-abi=hard -mthumb -o "Core/Src/syscalls.o"
arm-none-eabi-gcc "../Core/Src/sysmem.c" -mcpu=cortex-m4 -std=gnu11 -g3 -DDEBUG -DSTM32 -DSTM32F4 -DSTM32F411RETx -DSTM32F411xE -c -I"/home/daniel/Robotica/RTOS_workspace/PruebasMotores/Drivers/Core/Include" -I"/home/daniel/Robotica/RTOS_workspace/PruebasMotores/Drivers/Device/ST/STM32F4xx/Include" -I"/home/daniel/Robotica/RTOS_workspace/CMSIS-PeripheralDrivers/Inc" -I"/home/daniel/Robotica/RTOS_workspace/PruebasMotores/App/Inc" -I"/home/daniel/Robotica/RTOS_workspace/CMSIS-Full/Inc" -O0 -ffunction-sections -fdata-sections -Wall -fstack-usage -MMD -MP -MF"Core/Src/sysmem.d" -MT"Core/Src/sysmem.o" --specs=nano.specs -mfpu=fpv4-sp-d16 -mfloat-abi=hard -mthumb -o "Core/Src/sysmem.o"
arm-none-eabi-gcc "../App/Src/tunningThePID.c" -mcpu=cortex-m4 -std=gnu11 -g3 -DDEBUG -DSTM32 -DSTM32F4 -DSTM32F411RETx -DSTM32F411xE -c -I"/home/daniel/Robotica/RTOS_workspace/PruebasMotores/Drivers/Core/Include" -I"/home/daniel/Robotica/RTOS_workspace/PruebasMotores/Drivers/Device/ST/STM32F4xx/Include" -I"/home/daniel/Robotica/RTOS_workspace/CMSIS-PeripheralDrivers/Inc" -I"/home/daniel/Robotica/RTOS_workspace/PruebasMotores/App/Inc" -I"/home/daniel/Robotica/RTOS_workspace/CMSIS-Full/Inc" -O0 -ffunction-sections -fdata-sections -Wall -fstack-usage -MMD -MP -MF"App/Src/tunningThePID.d" -MT"App/Src/tunningThePID.o" --specs=nano.specs -mfpu=fpv4-sp-d16 -mfloat-abi=hard -mthumb -o "App/Src/tunningThePID.o"
arm-none-eabi-gcc -o "PruebasMotores.elf" @"objects.list"  -lCMSIS-PeripheralDrivers -lCMSIS-Full -mcpu=cortex-m4 -T"/home/daniel/Robotica/RTOS_workspace/PruebasMotores/STM32F411RETX_FLASH.ld" --specs=nosys.specs -Wl,-Map="PruebasMotores.map" -Wl,--gc-sections -static -L"/home/daniel/Robotica/RTOS_workspace/CMSIS-PeripheralDrivers/Debug" -L"/home/daniel/Robotica/RTOS_workspace/CMSIS-Full/Debug" --specs=nano.specs -mfpu=fpv4-sp-d16 -mfloat-abi=hard -mthumb -u _printf_float -u _scanf_float -Wl,--start-group -lc -lm -Wl,--end-group
Finished building target: PruebasMotores.elf
 
arm-none-eabi-size   PruebasMotores.elf 
   text	   data	    bss	    dec	    hex	filename
  46508	    536	   2712	  49756	   c25c	PruebasMotores.elf
Finished building: default.size.stdout
 
arm-none-eabi-objdump -h -S  PruebasMotores.elf  > "PruebasMotores.list"
Finished building: PruebasMotores.list
 
18:42:47 **** Incremental Build of configuration Debug for project PruebasMotores ****
make clean all 
rm -rf ./Core/Startup/startup_stm32f411retx.d ./Core/Startup/startup_stm32f411retx.o
rm -rf ./Core/Src/syscalls.d ./Core/Src/syscalls.o ./Core/Src/syscalls.su ./Core/Src/sysmem.d ./Core/Src/sysmem.o ./Core/Src/sysmem.su
rm -rf ./App/Src/tunningThePID.d ./App/Src/tunningThePID.o ./App/Src/tunningThePID.su
rm -rf PruebasMotores.elf PruebasMotores.list PruebasMotores.map default.size.stdout
 
arm-none-eabi-gcc -mcpu=cortex-m4 -g3 -DDEBUG -c -x assembler-with-cpp -MMD -MP -MF"Core/Startup/startup_stm32f411retx.d" -MT"Core/Startup/startup_stm32f411retx.o" --specs=nano.specs -mfpu=fpv4-sp-d16 -mfloat-abi=hard -mthumb -o "Core/Startup/startup_stm32f411retx.o" "../Core/Startup/startup_stm32f411retx.s"
arm-none-eabi-gcc "../Core/Src/syscalls.c" -mcpu=cortex-m4 -std=gnu11 -g3 -DDEBUG -DSTM32 -DSTM32F4 -DSTM32F411RETx -DSTM32F411xE -c -I"/home/daniel/Robotica/RTOS_workspace/PruebasMotores/Drivers/Core/Include" -I"/home/daniel/Robotica/RTOS_workspace/PruebasMotores/Drivers/Device/ST/STM32F4xx/Include" -I"/home/daniel/Robotica/RTOS_workspace/CMSIS-PeripheralDrivers/Inc" -I"/home/daniel/Robotica/RTOS_workspace/PruebasMotores/App/Inc" -I"/home/daniel/Robotica/RTOS_workspace/CMSIS-Full/Inc" -O0 -ffunction-sections -fdata-sections -Wall -fstack-usage -MMD -MP -MF"Core/Src/syscalls.d" -MT"Core/Src/syscalls.o" --specs=nano.specs -mfpu=fpv4-sp-d16 -mfloat-abi=hard -mthumb -o "Core/Src/syscalls.o"
arm-none-eabi-gcc "../Core/Src/sysmem.c" -mcpu=cortex-m4 -std=gnu11 -g3 -DDEBUG -DSTM32 -DSTM32F4 -DSTM32F411RETx -DSTM32F411xE -c -I"/home/daniel/Robotica/RTOS_workspace/PruebasMotores/Drivers/Core/Include" -I"/home/daniel/Robotica/RTOS_workspace/PruebasMotores/Drivers/Device/ST/STM32F4xx/Include" -I"/home/daniel/Robotica/RTOS_workspace/CMSIS-PeripheralDrivers/Inc" -I"/home/daniel/Robotica/RTOS_workspace/PruebasMotores/App/Inc" -I"/home/daniel/Robotica/RTOS_workspace/CMSIS-Full/Inc" -O0 -ffunction-sections -fdata-sections -Wall -fstack-usage -MMD -MP -MF"Core/Src/sysmem.d" -MT"Core/Src/sysmem.o" --specs=nano.specs -mfpu=fpv4-sp-d16 -mfloat-abi=hard -mthumb -o "Core/Src/sysmem.o"
arm-none-eabi-gcc "../App/Src/tunningThePID.c" -mcpu=cortex-m4 -std=gnu11 -g3 -DDEBUG -DSTM32 -DSTM32F4 -DSTM32F411RETx -DSTM32F411xE -c -I"/home/daniel/Robotica/RTOS_workspace/PruebasMotores/Drivers/Core/Include" -I"/home/daniel/Robotica/RTOS_workspace/PruebasMotores/Drivers/Device/ST/STM32F4xx/Include" -I"/home/daniel/Robotica/RTOS_workspace/CMSIS-PeripheralDrivers/Inc" -I"/home/daniel/Robotica/RTOS_workspace/PruebasMotores/App/Inc" -I"/home/daniel/Robotica/RTOS_workspace/CMSIS-Full/Inc" -O0 -ffunction-sections -fdata-sections -Wall -fstack-usage -MMD -MP -MF"App/Src/tunningThePID.d" -MT"App/Src/tunningThePID.o" --specs=nano.specs -mfpu=fpv4-sp-d16 -mfloat-abi=hard -mthumb -o "App/Src/tunningThePID.o"
arm-none-eabi-gcc -o "PruebasMotores.elf" @"objects.list"  -lCMSIS-PeripheralDrivers -lCMSIS-Full -mcpu=cortex-m4 -T"/home/daniel/Robotica/RTOS_workspace/PruebasMotores/STM32F411RETX_FLASH.ld" --specs=nosys.specs -Wl,-Map="PruebasMotores.map" -Wl,--gc-sections -static -L"/home/daniel/Robotica/RTOS_workspace/CMSIS-PeripheralDrivers/Debug" -L"/home/daniel/Robotica/RTOS_workspace/CMSIS-Full/Debug" --specs=nano.specs -mfpu=fpv4-sp-d16 -mfloat-abi=hard -mthumb -u _printf_float -u _scanf_float -Wl,--start-group -lc -lm -Wl,--end-group
Finished building target: PruebasMotores.elf
 
arm-none-eabi-size   PruebasMotores.elf 
   text	   data	    bss	    dec	    hex	filename
  46508	    536	   2712	  49756	   c25c	PruebasMotores.elf
Finished building: default.size.stdout
 
arm-none-eabi-objdump -h -S  PruebasMotores.elf  > "PruebasMotores.list"
Finished building: PruebasMotores.list
 
18:43:03 **** Incremental Build of configuration Debug for project PruebasMotores ****
make clean all 
rm -rf ./Core/Startup/startup_stm32f411retx.d ./Core/Startup/startup_stm32f411retx.o
rm -rf ./Core/Src/syscalls.d ./Core/Src/syscalls.o ./Core/Src/syscalls.su ./Core/Src/sysmem.d ./Core/Src/sysmem.o ./Core/Src/sysmem.su
rm -rf ./App/Src/tunningThePID.d ./App/Src/tunningThePID.o ./App/Src/tunningThePID.su
rm -rf PruebasMotores.elf PruebasMotores.list PruebasMotores.map default.size.stdout
 
arm-none-eabi-gcc -mcpu=cortex-m4 -g3 -DDEBUG -c -x assembler-with-cpp -MMD -MP -MF"Core/Startup/startup_stm32f411retx.d" -MT"Core/Startup/startup_stm32f411retx.o" --specs=nano.specs -mfpu=fpv4-sp-d16 -mfloat-abi=hard -mthumb -o "Core/Startup/startup_stm32f411retx.o" "../Core/Startup/startup_stm32f411retx.s"
arm-none-eabi-gcc "../Core/Src/syscalls.c" -mcpu=cortex-m4 -std=gnu11 -g3 -DDEBUG -DSTM32 -DSTM32F4 -DSTM32F411RETx -DSTM32F411xE -c -I"/home/daniel/Robotica/RTOS_workspace/PruebasMotores/Drivers/Core/Include" -I"/home/daniel/Robotica/RTOS_workspace/PruebasMotores/Drivers/Device/ST/STM32F4xx/Include" -I"/home/daniel/Robotica/RTOS_workspace/CMSIS-PeripheralDrivers/Inc" -I"/home/daniel/Robotica/RTOS_workspace/PruebasMotores/App/Inc" -I"/home/daniel/Robotica/RTOS_workspace/CMSIS-Full/Inc" -O0 -ffunction-sections -fdata-sections -Wall -fstack-usage -MMD -MP -MF"Core/Src/syscalls.d" -MT"Core/Src/syscalls.o" --specs=nano.specs -mfpu=fpv4-sp-d16 -mfloat-abi=hard -mthumb -o "Core/Src/syscalls.o"
arm-none-eabi-gcc "../Core/Src/sysmem.c" -mcpu=cortex-m4 -std=gnu11 -g3 -DDEBUG -DSTM32 -DSTM32F4 -DSTM32F411RETx -DSTM32F411xE -c -I"/home/daniel/Robotica/RTOS_workspace/PruebasMotores/Drivers/Core/Include" -I"/home/daniel/Robotica/RTOS_workspace/PruebasMotores/Drivers/Device/ST/STM32F4xx/Include" -I"/home/daniel/Robotica/RTOS_workspace/CMSIS-PeripheralDrivers/Inc" -I"/home/daniel/Robotica/RTOS_workspace/PruebasMotores/App/Inc" -I"/home/daniel/Robotica/RTOS_workspace/CMSIS-Full/Inc" -O0 -ffunction-sections -fdata-sections -Wall -fstack-usage -MMD -MP -MF"Core/Src/sysmem.d" -MT"Core/Src/sysmem.o" --specs=nano.specs -mfpu=fpv4-sp-d16 -mfloat-abi=hard -mthumb -o "Core/Src/sysmem.o"
arm-none-eabi-gcc "../App/Src/tunningThePID.c" -mcpu=cortex-m4 -std=gnu11 -g3 -DDEBUG -DSTM32 -DSTM32F4 -DSTM32F411RETx -DSTM32F411xE -c -I"/home/daniel/Robotica/RTOS_workspace/PruebasMotores/Drivers/Core/Include" -I"/home/daniel/Robotica/RTOS_workspace/PruebasMotores/Drivers/Device/ST/STM32F4xx/Include" -I"/home/daniel/Robotica/RTOS_workspace/CMSIS-PeripheralDrivers/Inc" -I"/home/daniel/Robotica/RTOS_workspace/PruebasMotores/App/Inc" -I"/home/daniel/Robotica/RTOS_workspace/CMSIS-Full/Inc" -O0 -ffunction-sections -fdata-sections -Wall -fstack-usage -MMD -MP -MF"App/Src/tunningThePID.d" -MT"App/Src/tunningThePID.o" --specs=nano.specs -mfpu=fpv4-sp-d16 -mfloat-abi=hard -mthumb -o "App/Src/tunningThePID.o"
arm-none-eabi-gcc -o "PruebasMotores.elf" @"objects.list"  -lCMSIS-PeripheralDrivers -lCMSIS-Full -mcpu=cortex-m4 -T"/home/daniel/Robotica/RTOS_workspace/PruebasMotores/STM32F411RETX_FLASH.ld" --specs=nosys.specs -Wl,-Map="PruebasMotores.map" -Wl,--gc-sections -static -L"/home/daniel/Robotica/RTOS_workspace/CMSIS-PeripheralDrivers/Debug" -L"/home/daniel/Robotica/RTOS_workspace/CMSIS-Full/Debug" --specs=nano.specs -mfpu=fpv4-sp-d16 -mfloat-abi=hard -mthumb -u _printf_float -u _scanf_float -Wl,--start-group -lc -lm -Wl,--end-group
Finished building target: PruebasMotores.elf
 
arm-none-eabi-size   PruebasMotores.elf 
   text	   data	    bss	    dec	    hex	filename
  46508	    536	   2712	  49756	   c25c	PruebasMotores.elf
Finished building: default.size.stdout
 
arm-none-eabi-objdump -h -S  PruebasMotores.elf  > "PruebasMotores.list"
Finished building: PruebasMotores.list
 
18:51:16 **** Incremental Build of configuration Debug for project PruebasMotores ****
make clean all 
rm -rf ./Core/Startup/startup_stm32f411retx.d ./Core/Startup/startup_stm32f411retx.o
rm -rf ./Core/Src/syscalls.d ./Core/Src/syscalls.o ./Core/Src/syscalls.su ./Core/Src/sysmem.d ./Core/Src/sysmem.o ./Core/Src/sysmem.su
rm -rf ./App/Src/tunningThePID.d ./App/Src/tunningThePID.o ./App/Src/tunningThePID.su
rm -rf PruebasMotores.elf PruebasMotores.list PruebasMotores.map default.size.stdout
 
arm-none-eabi-gcc -mcpu=cortex-m4 -g3 -DDEBUG -c -x assembler-with-cpp -MMD -MP -MF"Core/Startup/startup_stm32f411retx.d" -MT"Core/Startup/startup_stm32f411retx.o" --specs=nano.specs -mfpu=fpv4-sp-d16 -mfloat-abi=hard -mthumb -o "Core/Startup/startup_stm32f411retx.o" "../Core/Startup/startup_stm32f411retx.s"
arm-none-eabi-gcc "../Core/Src/syscalls.c" -mcpu=cortex-m4 -std=gnu11 -g3 -DDEBUG -DSTM32 -DSTM32F4 -DSTM32F411RETx -DSTM32F411xE -c -I"/home/daniel/Robotica/RTOS_workspace/PruebasMotores/Drivers/Core/Include" -I"/home/daniel/Robotica/RTOS_workspace/PruebasMotores/Drivers/Device/ST/STM32F4xx/Include" -I"/home/daniel/Robotica/RTOS_workspace/CMSIS-PeripheralDrivers/Inc" -I"/home/daniel/Robotica/RTOS_workspace/PruebasMotores/App/Inc" -I"/home/daniel/Robotica/RTOS_workspace/CMSIS-Full/Inc" -O0 -ffunction-sections -fdata-sections -Wall -fstack-usage -MMD -MP -MF"Core/Src/syscalls.d" -MT"Core/Src/syscalls.o" --specs=nano.specs -mfpu=fpv4-sp-d16 -mfloat-abi=hard -mthumb -o "Core/Src/syscalls.o"
arm-none-eabi-gcc "../Core/Src/sysmem.c" -mcpu=cortex-m4 -std=gnu11 -g3 -DDEBUG -DSTM32 -DSTM32F4 -DSTM32F411RETx -DSTM32F411xE -c -I"/home/daniel/Robotica/RTOS_workspace/PruebasMotores/Drivers/Core/Include" -I"/home/daniel/Robotica/RTOS_workspace/PruebasMotores/Drivers/Device/ST/STM32F4xx/Include" -I"/home/daniel/Robotica/RTOS_workspace/CMSIS-PeripheralDrivers/Inc" -I"/home/daniel/Robotica/RTOS_workspace/PruebasMotores/App/Inc" -I"/home/daniel/Robotica/RTOS_workspace/CMSIS-Full/Inc" -O0 -ffunction-sections -fdata-sections -Wall -fstack-usage -MMD -MP -MF"Core/Src/sysmem.d" -MT"Core/Src/sysmem.o" --specs=nano.specs -mfpu=fpv4-sp-d16 -mfloat-abi=hard -mthumb -o "Core/Src/sysmem.o"
arm-none-eabi-gcc "../App/Src/tunningThePID.c" -mcpu=cortex-m4 -std=gnu11 -g3 -DDEBUG -DSTM32 -DSTM32F4 -DSTM32F411RETx -DSTM32F411xE -c -I"/home/daniel/Robotica/RTOS_workspace/PruebasMotores/Drivers/Core/Include" -I"/home/daniel/Robotica/RTOS_workspace/PruebasMotores/Drivers/Device/ST/STM32F4xx/Include" -I"/home/daniel/Robotica/RTOS_workspace/CMSIS-PeripheralDrivers/Inc" -I"/home/daniel/Robotica/RTOS_workspace/PruebasMotores/App/Inc" -I"/home/daniel/Robotica/RTOS_workspace/CMSIS-Full/Inc" -O0 -ffunction-sections -fdata-sections -Wall -fstack-usage -MMD -MP -MF"App/Src/tunningThePID.d" -MT"App/Src/tunningThePID.o" --specs=nano.specs -mfpu=fpv4-sp-d16 -mfloat-abi=hard -mthumb -o "App/Src/tunningThePID.o"
arm-none-eabi-gcc -o "PruebasMotores.elf" @"objects.list"  -lCMSIS-PeripheralDrivers -lCMSIS-Full -mcpu=cortex-m4 -T"/home/daniel/Robotica/RTOS_workspace/PruebasMotores/STM32F411RETX_FLASH.ld" --specs=nosys.specs -Wl,-Map="PruebasMotores.map" -Wl,--gc-sections -static -L"/home/daniel/Robotica/RTOS_workspace/CMSIS-PeripheralDrivers/Debug" -L"/home/daniel/Robotica/RTOS_workspace/CMSIS-Full/Debug" --specs=nano.specs -mfpu=fpv4-sp-d16 -mfloat-abi=hard -mthumb -u _printf_float -u _scanf_float -Wl,--start-group -lc -lm -Wl,--end-group
Finished building target: PruebasMotores.elf
 
arm-none-eabi-size   PruebasMotores.elf 
   text	   data	    bss	    dec	    hex	filename
  46508	    536	   2712	  49756	   c25c	PruebasMotores.elf
Finished building: default.size.stdout
 
arm-none-eabi-objdump -h -S  PruebasMotores.elf  > "PruebasMotores.list"
Finished building: PruebasMotores.list
 
