08:40:38 **** Build of configuration Debug for project Prueba_SEGGER_PATCH ****
make -j12 all 
arm-none-eabi-gcc "../ThirdParty/SEGGER/SEGGER/Syscalls/SEGGER_RTT_Syscalls_GCC.c" -mcpu=cortex-m4 -std=gnu11 -g3 -DDEBUG -DNUCLEO_F411RE -DSTM32 -DSTM32F4 -DSTM32F411RETx -DSTM32F411xE -c -I../Inc -I"C:/Users/DANIE/OneDrive/Documents/GitHub/Robotica_dacardenasj/Base_FreeRTOS/ThirdParty/FreeRTOS/include" -I"C:/Users/DANIE/OneDrive/Documents/GitHub/Robotica_dacardenasj/Base_FreeRTOS/ThirdParty/FreeRTOS/portable/GCC/ARM_CM4F" -I"C:/Users/DANIE/OneDrive/Documents/GitHub/Robotica_dacardenasj/CMSIS-PeripheralDrivers/Inc" -I"C:/Users/DANIE/OneDrive/Documents/GitHub/Robotica_dacardenasj/Base_FreeRTOS/Core/Include" -I"C:/Users/DANIE/OneDrive/Documents/GitHub/Robotica_dacardenasj/Base_FreeRTOS/Device/ST/STM32F4xx/Include" -I"C:/Users/DANIE/OneDrive/Documents/GitHub/Robotica_dacardenasj/Prueba_SEGGER_PATCH/ThirdParty/SEGGER/SEGGER" -I"C:/Users/DANIE/OneDrive/Documents/GitHub/Robotica_dacardenasj/Prueba_SEGGER_PATCH/ThirdParty/SEGGER/Config" -I"C:/Users/DANIE/OneDrive/Documents/GitHub/Robotica_dacardenasj/Prueba_SEGGER_PATCH/ThirdParty/SEGGER/OS" -O0 -ffunction-sections -fdata-sections -Wall -fstack-usage -MMD -MP -MF"ThirdParty/SEGGER/SEGGER/Syscalls/SEGGER_RTT_Syscalls_GCC.d" -MT"ThirdParty/SEGGER/SEGGER/Syscalls/SEGGER_RTT_Syscalls_GCC.o" --specs=nano.specs -mfpu=fpv4-sp-d16 -mfloat-abi=hard -mthumb -o "ThirdParty/SEGGER/SEGGER/Syscalls/SEGGER_RTT_Syscalls_GCC.o"
arm-none-eabi-gcc "../ThirdParty/SEGGER/SEGGER/Syscalls/SEGGER_RTT_Syscalls_IAR.c" -mcpu=cortex-m4 -std=gnu11 -g3 -DDEBUG -DNUCLEO_F411RE -DSTM32 -DSTM32F4 -DSTM32F411RETx -DSTM32F411xE -c -I../Inc -I"C:/Users/DANIE/OneDrive/Documents/GitHub/Robotica_dacardenasj/Base_FreeRTOS/ThirdParty/FreeRTOS/include" -I"C:/Users/DANIE/OneDrive/Documents/GitHub/Robotica_dacardenasj/Base_FreeRTOS/ThirdParty/FreeRTOS/portable/GCC/ARM_CM4F" -I"C:/Users/DANIE/OneDrive/Documents/GitHub/Robotica_dacardenasj/CMSIS-PeripheralDrivers/Inc" -I"C:/Users/DANIE/OneDrive/Documents/GitHub/Robotica_dacardenasj/Base_FreeRTOS/Core/Include" -I"C:/Users/DANIE/OneDrive/Documents/GitHub/Robotica_dacardenasj/Base_FreeRTOS/Device/ST/STM32F4xx/Include" -I"C:/Users/DANIE/OneDrive/Documents/GitHub/Robotica_dacardenasj/Prueba_SEGGER_PATCH/ThirdParty/SEGGER/SEGGER" -I"C:/Users/DANIE/OneDrive/Documents/GitHub/Robotica_dacardenasj/Prueba_SEGGER_PATCH/ThirdParty/SEGGER/Config" -I"C:/Users/DANIE/OneDrive/Documents/GitHub/Robotica_dacardenasj/Prueba_SEGGER_PATCH/ThirdParty/SEGGER/OS" -O0 -ffunction-sections -fdata-sections -Wall -fstack-usage -MMD -MP -MF"ThirdParty/SEGGER/SEGGER/Syscalls/SEGGER_RTT_Syscalls_IAR.d" -MT"ThirdParty/SEGGER/SEGGER/Syscalls/SEGGER_RTT_Syscalls_IAR.o" --specs=nano.specs -mfpu=fpv4-sp-d16 -mfloat-abi=hard -mthumb -o "ThirdParty/SEGGER/SEGGER/Syscalls/SEGGER_RTT_Syscalls_IAR.o"
arm-none-eabi-gcc "../ThirdParty/SEGGER/SEGGER/Syscalls/SEGGER_RTT_Syscalls_KEIL.c" -mcpu=cortex-m4 -std=gnu11 -g3 -DDEBUG -DNUCLEO_F411RE -DSTM32 -DSTM32F4 -DSTM32F411RETx -DSTM32F411xE -c -I../Inc -I"C:/Users/DANIE/OneDrive/Documents/GitHub/Robotica_dacardenasj/Base_FreeRTOS/ThirdParty/FreeRTOS/include" -I"C:/Users/DANIE/OneDrive/Documents/GitHub/Robotica_dacardenasj/Base_FreeRTOS/ThirdParty/FreeRTOS/portable/GCC/ARM_CM4F" -I"C:/Users/DANIE/OneDrive/Documents/GitHub/Robotica_dacardenasj/CMSIS-PeripheralDrivers/Inc" -I"C:/Users/DANIE/OneDrive/Documents/GitHub/Robotica_dacardenasj/Base_FreeRTOS/Core/Include" -I"C:/Users/DANIE/OneDrive/Documents/GitHub/Robotica_dacardenasj/Base_FreeRTOS/Device/ST/STM32F4xx/Include" -I"C:/Users/DANIE/OneDrive/Documents/GitHub/Robotica_dacardenasj/Prueba_SEGGER_PATCH/ThirdParty/SEGGER/SEGGER" -I"C:/Users/DANIE/OneDrive/Documents/GitHub/Robotica_dacardenasj/Prueba_SEGGER_PATCH/ThirdParty/SEGGER/Config" -I"C:/Users/DANIE/OneDrive/Documents/GitHub/Robotica_dacardenasj/Prueba_SEGGER_PATCH/ThirdParty/SEGGER/OS" -O0 -ffunction-sections -fdata-sections -Wall -fstack-usage -MMD -MP -MF"ThirdParty/SEGGER/SEGGER/Syscalls/SEGGER_RTT_Syscalls_KEIL.d" -MT"ThirdParty/SEGGER/SEGGER/Syscalls/SEGGER_RTT_Syscalls_KEIL.o" --specs=nano.specs -mfpu=fpv4-sp-d16 -mfloat-abi=hard -mthumb -o "ThirdParty/SEGGER/SEGGER/Syscalls/SEGGER_RTT_Syscalls_KEIL.o"
arm-none-eabi-gcc "../ThirdParty/SEGGER/SEGGER/Syscalls/SEGGER_RTT_Syscalls_SES.c" -mcpu=cortex-m4 -std=gnu11 -g3 -DDEBUG -DNUCLEO_F411RE -DSTM32 -DSTM32F4 -DSTM32F411RETx -DSTM32F411xE -c -I../Inc -I"C:/Users/DANIE/OneDrive/Documents/GitHub/Robotica_dacardenasj/Base_FreeRTOS/ThirdParty/FreeRTOS/include" -I"C:/Users/DANIE/OneDrive/Documents/GitHub/Robotica_dacardenasj/Base_FreeRTOS/ThirdParty/FreeRTOS/portable/GCC/ARM_CM4F" -I"C:/Users/DANIE/OneDrive/Documents/GitHub/Robotica_dacardenasj/CMSIS-PeripheralDrivers/Inc" -I"C:/Users/DANIE/OneDrive/Documents/GitHub/Robotica_dacardenasj/Base_FreeRTOS/Core/Include" -I"C:/Users/DANIE/OneDrive/Documents/GitHub/Robotica_dacardenasj/Base_FreeRTOS/Device/ST/STM32F4xx/Include" -I"C:/Users/DANIE/OneDrive/Documents/GitHub/Robotica_dacardenasj/Prueba_SEGGER_PATCH/ThirdParty/SEGGER/SEGGER" -I"C:/Users/DANIE/OneDrive/Documents/GitHub/Robotica_dacardenasj/Prueba_SEGGER_PATCH/ThirdParty/SEGGER/Config" -I"C:/Users/DANIE/OneDrive/Documents/GitHub/Robotica_dacardenasj/Prueba_SEGGER_PATCH/ThirdParty/SEGGER/OS" -O0 -ffunction-sections -fdata-sections -Wall -fstack-usage -MMD -MP -MF"ThirdParty/SEGGER/SEGGER/Syscalls/SEGGER_RTT_Syscalls_SES.d" -MT"ThirdParty/SEGGER/SEGGER/Syscalls/SEGGER_RTT_Syscalls_SES.o" --specs=nano.specs -mfpu=fpv4-sp-d16 -mfloat-abi=hard -mthumb -o "ThirdParty/SEGGER/SEGGER/Syscalls/SEGGER_RTT_Syscalls_SES.o"
arm-none-eabi-gcc "../ThirdParty/SEGGER/SEGGER/SEGGER_RTT.c" -mcpu=cortex-m4 -std=gnu11 -g3 -DDEBUG -DNUCLEO_F411RE -DSTM32 -DSTM32F4 -DSTM32F411RETx -DSTM32F411xE -c -I../Inc -I"C:/Users/DANIE/OneDrive/Documents/GitHub/Robotica_dacardenasj/Base_FreeRTOS/ThirdParty/FreeRTOS/include" -I"C:/Users/DANIE/OneDrive/Documents/GitHub/Robotica_dacardenasj/Base_FreeRTOS/ThirdParty/FreeRTOS/portable/GCC/ARM_CM4F" -I"C:/Users/DANIE/OneDrive/Documents/GitHub/Robotica_dacardenasj/CMSIS-PeripheralDrivers/Inc" -I"C:/Users/DANIE/OneDrive/Documents/GitHub/Robotica_dacardenasj/Base_FreeRTOS/Core/Include" -I"C:/Users/DANIE/OneDrive/Documents/GitHub/Robotica_dacardenasj/Base_FreeRTOS/Device/ST/STM32F4xx/Include" -I"C:/Users/DANIE/OneDrive/Documents/GitHub/Robotica_dacardenasj/Prueba_SEGGER_PATCH/ThirdParty/SEGGER/SEGGER" -I"C:/Users/DANIE/OneDrive/Documents/GitHub/Robotica_dacardenasj/Prueba_SEGGER_PATCH/ThirdParty/SEGGER/Config" -I"C:/Users/DANIE/OneDrive/Documents/GitHub/Robotica_dacardenasj/Prueba_SEGGER_PATCH/ThirdParty/SEGGER/OS" -O0 -ffunction-sections -fdata-sections -Wall -fstack-usage -MMD -MP -MF"ThirdParty/SEGGER/SEGGER/SEGGER_RTT.d" -MT"ThirdParty/SEGGER/SEGGER/SEGGER_RTT.o" --specs=nano.specs -mfpu=fpv4-sp-d16 -mfloat-abi=hard -mthumb -o "ThirdParty/SEGGER/SEGGER/SEGGER_RTT.o"
arm-none-eabi-gcc -mcpu=cortex-m4 -g3 -DDEBUG -c -I"C:/Users/DANIE/OneDrive/Documents/GitHub/Robotica_dacardenasj/Prueba_SEGGER_PATCH/ThirdParty/SEGGER/Config" -x assembler-with-cpp -MMD -MP -MF"ThirdParty/SEGGER/SEGGER/SEGGER_RTT_ASM_ARMv7M.d" -MT"ThirdParty/SEGGER/SEGGER/SEGGER_RTT_ASM_ARMv7M.o" --specs=nano.specs -mfpu=fpv4-sp-d16 -mfloat-abi=hard -mthumb -o "ThirdParty/SEGGER/SEGGER/SEGGER_RTT_ASM_ARMv7M.o" "../ThirdParty/SEGGER/SEGGER/SEGGER_RTT_ASM_ARMv7M.S"
arm-none-eabi-gcc "../ThirdParty/SEGGER/SEGGER/SEGGER_RTT_printf.c" -mcpu=cortex-m4 -std=gnu11 -g3 -DDEBUG -DNUCLEO_F411RE -DSTM32 -DSTM32F4 -DSTM32F411RETx -DSTM32F411xE -c -I../Inc -I"C:/Users/DANIE/OneDrive/Documents/GitHub/Robotica_dacardenasj/Base_FreeRTOS/ThirdParty/FreeRTOS/include" -I"C:/Users/DANIE/OneDrive/Documents/GitHub/Robotica_dacardenasj/Base_FreeRTOS/ThirdParty/FreeRTOS/portable/GCC/ARM_CM4F" -I"C:/Users/DANIE/OneDrive/Documents/GitHub/Robotica_dacardenasj/CMSIS-PeripheralDrivers/Inc" -I"C:/Users/DANIE/OneDrive/Documents/GitHub/Robotica_dacardenasj/Base_FreeRTOS/Core/Include" -I"C:/Users/DANIE/OneDrive/Documents/GitHub/Robotica_dacardenasj/Base_FreeRTOS/Device/ST/STM32F4xx/Include" -I"C:/Users/DANIE/OneDrive/Documents/GitHub/Robotica_dacardenasj/Prueba_SEGGER_PATCH/ThirdParty/SEGGER/SEGGER" -I"C:/Users/DANIE/OneDrive/Documents/GitHub/Robotica_dacardenasj/Prueba_SEGGER_PATCH/ThirdParty/SEGGER/Config" -I"C:/Users/DANIE/OneDrive/Documents/GitHub/Robotica_dacardenasj/Prueba_SEGGER_PATCH/ThirdParty/SEGGER/OS" -O0 -ffunction-sections -fdata-sections -Wall -fstack-usage -MMD -MP -MF"ThirdParty/SEGGER/SEGGER/SEGGER_RTT_printf.d" -MT"ThirdParty/SEGGER/SEGGER/SEGGER_RTT_printf.o" --specs=nano.specs -mfpu=fpv4-sp-d16 -mfloat-abi=hard -mthumb -o "ThirdParty/SEGGER/SEGGER/SEGGER_RTT_printf.o"
arm-none-eabi-gcc "../ThirdParty/SEGGER/SEGGER/SEGGER_SYSVIEW.c" -mcpu=cortex-m4 -std=gnu11 -g3 -DDEBUG -DNUCLEO_F411RE -DSTM32 -DSTM32F4 -DSTM32F411RETx -DSTM32F411xE -c -I../Inc -I"C:/Users/DANIE/OneDrive/Documents/GitHub/Robotica_dacardenasj/Base_FreeRTOS/ThirdParty/FreeRTOS/include" -I"C:/Users/DANIE/OneDrive/Documents/GitHub/Robotica_dacardenasj/Base_FreeRTOS/ThirdParty/FreeRTOS/portable/GCC/ARM_CM4F" -I"C:/Users/DANIE/OneDrive/Documents/GitHub/Robotica_dacardenasj/CMSIS-PeripheralDrivers/Inc" -I"C:/Users/DANIE/OneDrive/Documents/GitHub/Robotica_dacardenasj/Base_FreeRTOS/Core/Include" -I"C:/Users/DANIE/OneDrive/Documents/GitHub/Robotica_dacardenasj/Base_FreeRTOS/Device/ST/STM32F4xx/Include" -I"C:/Users/DANIE/OneDrive/Documents/GitHub/Robotica_dacardenasj/Prueba_SEGGER_PATCH/ThirdParty/SEGGER/SEGGER" -I"C:/Users/DANIE/OneDrive/Documents/GitHub/Robotica_dacardenasj/Prueba_SEGGER_PATCH/ThirdParty/SEGGER/Config" -I"C:/Users/DANIE/OneDrive/Documents/GitHub/Robotica_dacardenasj/Prueba_SEGGER_PATCH/ThirdParty/SEGGER/OS" -O0 -ffunction-sections -fdata-sections -Wall -fstack-usage -MMD -MP -MF"ThirdParty/SEGGER/SEGGER/SEGGER_SYSVIEW.d" -MT"ThirdParty/SEGGER/SEGGER/SEGGER_SYSVIEW.o" --specs=nano.specs -mfpu=fpv4-sp-d16 -mfloat-abi=hard -mthumb -o "ThirdParty/SEGGER/SEGGER/SEGGER_SYSVIEW.o"
arm-none-eabi-gcc "../ThirdParty/SEGGER/Rec/segger_uart.c" -mcpu=cortex-m4 -std=gnu11 -g3 -DDEBUG -DNUCLEO_F411RE -DSTM32 -DSTM32F4 -DSTM32F411RETx -DSTM32F411xE -c -I../Inc -I"C:/Users/DANIE/OneDrive/Documents/GitHub/Robotica_dacardenasj/Base_FreeRTOS/ThirdParty/FreeRTOS/include" -I"C:/Users/DANIE/OneDrive/Documents/GitHub/Robotica_dacardenasj/Base_FreeRTOS/ThirdParty/FreeRTOS/portable/GCC/ARM_CM4F" -I"C:/Users/DANIE/OneDrive/Documents/GitHub/Robotica_dacardenasj/CMSIS-PeripheralDrivers/Inc" -I"C:/Users/DANIE/OneDrive/Documents/GitHub/Robotica_dacardenasj/Base_FreeRTOS/Core/Include" -I"C:/Users/DANIE/OneDrive/Documents/GitHub/Robotica_dacardenasj/Base_FreeRTOS/Device/ST/STM32F4xx/Include" -I"C:/Users/DANIE/OneDrive/Documents/GitHub/Robotica_dacardenasj/Prueba_SEGGER_PATCH/ThirdParty/SEGGER/SEGGER" -I"C:/Users/DANIE/OneDrive/Documents/GitHub/Robotica_dacardenasj/Prueba_SEGGER_PATCH/ThirdParty/SEGGER/Config" -I"C:/Users/DANIE/OneDrive/Documents/GitHub/Robotica_dacardenasj/Prueba_SEGGER_PATCH/ThirdParty/SEGGER/OS" -O0 -ffunction-sections -fdata-sections -Wall -fstack-usage -MMD -MP -MF"ThirdParty/SEGGER/Rec/segger_uart.d" -MT"ThirdParty/SEGGER/Rec/segger_uart.o" --specs=nano.specs -mfpu=fpv4-sp-d16 -mfloat-abi=hard -mthumb -o "ThirdParty/SEGGER/Rec/segger_uart.o"
arm-none-eabi-gcc "../ThirdParty/SEGGER/OS/SEGGER_SYSVIEW_FreeRTOS.c" -mcpu=cortex-m4 -std=gnu11 -g3 -DDEBUG -DNUCLEO_F411RE -DSTM32 -DSTM32F4 -DSTM32F411RETx -DSTM32F411xE -c -I../Inc -I"C:/Users/DANIE/OneDrive/Documents/GitHub/Robotica_dacardenasj/Base_FreeRTOS/ThirdParty/FreeRTOS/include" -I"C:/Users/DANIE/OneDrive/Documents/GitHub/Robotica_dacardenasj/Base_FreeRTOS/ThirdParty/FreeRTOS/portable/GCC/ARM_CM4F" -I"C:/Users/DANIE/OneDrive/Documents/GitHub/Robotica_dacardenasj/CMSIS-PeripheralDrivers/Inc" -I"C:/Users/DANIE/OneDrive/Documents/GitHub/Robotica_dacardenasj/Base_FreeRTOS/Core/Include" -I"C:/Users/DANIE/OneDrive/Documents/GitHub/Robotica_dacardenasj/Base_FreeRTOS/Device/ST/STM32F4xx/Include" -I"C:/Users/DANIE/OneDrive/Documents/GitHub/Robotica_dacardenasj/Prueba_SEGGER_PATCH/ThirdParty/SEGGER/SEGGER" -I"C:/Users/DANIE/OneDrive/Documents/GitHub/Robotica_dacardenasj/Prueba_SEGGER_PATCH/ThirdParty/SEGGER/Config" -I"C:/Users/DANIE/OneDrive/Documents/GitHub/Robotica_dacardenasj/Prueba_SEGGER_PATCH/ThirdParty/SEGGER/OS" -O0 -ffunction-sections -fdata-sections -Wall -fstack-usage -MMD -MP -MF"ThirdParty/SEGGER/OS/SEGGER_SYSVIEW_FreeRTOS.d" -MT"ThirdParty/SEGGER/OS/SEGGER_SYSVIEW_FreeRTOS.o" --specs=nano.specs -mfpu=fpv4-sp-d16 -mfloat-abi=hard -mthumb -o "ThirdParty/SEGGER/OS/SEGGER_SYSVIEW_FreeRTOS.o"
arm-none-eabi-gcc "../ThirdParty/SEGGER/Config/SEGGER_SYSVIEW_Config_FreeRTOS.c" -mcpu=cortex-m4 -std=gnu11 -g3 -DDEBUG -DNUCLEO_F411RE -DSTM32 -DSTM32F4 -DSTM32F411RETx -DSTM32F411xE -c -I../Inc -I"C:/Users/DANIE/OneDrive/Documents/GitHub/Robotica_dacardenasj/Base_FreeRTOS/ThirdParty/FreeRTOS/include" -I"C:/Users/DANIE/OneDrive/Documents/GitHub/Robotica_dacardenasj/Base_FreeRTOS/ThirdParty/FreeRTOS/portable/GCC/ARM_CM4F" -I"C:/Users/DANIE/OneDrive/Documents/GitHub/Robotica_dacardenasj/CMSIS-PeripheralDrivers/Inc" -I"C:/Users/DANIE/OneDrive/Documents/GitHub/Robotica_dacardenasj/Base_FreeRTOS/Core/Include" -I"C:/Users/DANIE/OneDrive/Documents/GitHub/Robotica_dacardenasj/Base_FreeRTOS/Device/ST/STM32F4xx/Include" -I"C:/Users/DANIE/OneDrive/Documents/GitHub/Robotica_dacardenasj/Prueba_SEGGER_PATCH/ThirdParty/SEGGER/SEGGER" -I"C:/Users/DANIE/OneDrive/Documents/GitHub/Robotica_dacardenasj/Prueba_SEGGER_PATCH/ThirdParty/SEGGER/Config" -I"C:/Users/DANIE/OneDrive/Documents/GitHub/Robotica_dacardenasj/Prueba_SEGGER_PATCH/ThirdParty/SEGGER/OS" -O0 -ffunction-sections -fdata-sections -Wall -fstack-usage -MMD -MP -MF"ThirdParty/SEGGER/Config/SEGGER_SYSVIEW_Config_FreeRTOS.d" -MT"ThirdParty/SEGGER/Config/SEGGER_SYSVIEW_Config_FreeRTOS.o" --specs=nano.specs -mfpu=fpv4-sp-d16 -mfloat-abi=hard -mthumb -o "ThirdParty/SEGGER/Config/SEGGER_SYSVIEW_Config_FreeRTOS.o"
arm-none-eabi-gcc "../ThirdParty/FreeRTOS/portable/MemMang/heap_4.c" -mcpu=cortex-m4 -std=gnu11 -g3 -DDEBUG -DNUCLEO_F411RE -DSTM32 -DSTM32F4 -DSTM32F411RETx -DSTM32F411xE -c -I../Inc -I"C:/Users/DANIE/OneDrive/Documents/GitHub/Robotica_dacardenasj/Base_FreeRTOS/ThirdParty/FreeRTOS/include" -I"C:/Users/DANIE/OneDrive/Documents/GitHub/Robotica_dacardenasj/Base_FreeRTOS/ThirdParty/FreeRTOS/portable/GCC/ARM_CM4F" -I"C:/Users/DANIE/OneDrive/Documents/GitHub/Robotica_dacardenasj/CMSIS-PeripheralDrivers/Inc" -I"C:/Users/DANIE/OneDrive/Documents/GitHub/Robotica_dacardenasj/Base_FreeRTOS/Core/Include" -I"C:/Users/DANIE/OneDrive/Documents/GitHub/Robotica_dacardenasj/Base_FreeRTOS/Device/ST/STM32F4xx/Include" -I"C:/Users/DANIE/OneDrive/Documents/GitHub/Robotica_dacardenasj/Prueba_SEGGER_PATCH/ThirdParty/SEGGER/SEGGER" -I"C:/Users/DANIE/OneDrive/Documents/GitHub/Robotica_dacardenasj/Prueba_SEGGER_PATCH/ThirdParty/SEGGER/Config" -I"C:/Users/DANIE/OneDrive/Documents/GitHub/Robotica_dacardenasj/Prueba_SEGGER_PATCH/ThirdParty/SEGGER/OS" -O0 -ffunction-sections -fdata-sections -Wall -fstack-usage -MMD -MP -MF"ThirdParty/FreeRTOS/portable/MemMang/heap_4.d" -MT"ThirdParty/FreeRTOS/portable/MemMang/heap_4.o" --specs=nano.specs -mfpu=fpv4-sp-d16 -mfloat-abi=hard -mthumb -o "ThirdParty/FreeRTOS/portable/MemMang/heap_4.o"
arm-none-eabi-gcc "../ThirdParty/FreeRTOS/portable/GCC/ARM_CM4F/port.c" -mcpu=cortex-m4 -std=gnu11 -g3 -DDEBUG -DNUCLEO_F411RE -DSTM32 -DSTM32F4 -DSTM32F411RETx -DSTM32F411xE -c -I../Inc -I"C:/Users/DANIE/OneDrive/Documents/GitHub/Robotica_dacardenasj/Base_FreeRTOS/ThirdParty/FreeRTOS/include" -I"C:/Users/DANIE/OneDrive/Documents/GitHub/Robotica_dacardenasj/Base_FreeRTOS/ThirdParty/FreeRTOS/portable/GCC/ARM_CM4F" -I"C:/Users/DANIE/OneDrive/Documents/GitHub/Robotica_dacardenasj/CMSIS-PeripheralDrivers/Inc" -I"C:/Users/DANIE/OneDrive/Documents/GitHub/Robotica_dacardenasj/Base_FreeRTOS/Core/Include" -I"C:/Users/DANIE/OneDrive/Documents/GitHub/Robotica_dacardenasj/Base_FreeRTOS/Device/ST/STM32F4xx/Include" -I"C:/Users/DANIE/OneDrive/Documents/GitHub/Robotica_dacardenasj/Prueba_SEGGER_PATCH/ThirdParty/SEGGER/SEGGER" -I"C:/Users/DANIE/OneDrive/Documents/GitHub/Robotica_dacardenasj/Prueba_SEGGER_PATCH/ThirdParty/SEGGER/Config" -I"C:/Users/DANIE/OneDrive/Documents/GitHub/Robotica_dacardenasj/Prueba_SEGGER_PATCH/ThirdParty/SEGGER/OS" -O0 -ffunction-sections -fdata-sections -Wall -fstack-usage -MMD -MP -MF"ThirdParty/FreeRTOS/portable/GCC/ARM_CM4F/port.d" -MT"ThirdParty/FreeRTOS/portable/GCC/ARM_CM4F/port.o" --specs=nano.specs -mfpu=fpv4-sp-d16 -mfloat-abi=hard -mthumb -o "ThirdParty/FreeRTOS/portable/GCC/ARM_CM4F/port.o"
arm-none-eabi-gcc "../ThirdParty/FreeRTOS/croutine.c" -mcpu=cortex-m4 -std=gnu11 -g3 -DDEBUG -DNUCLEO_F411RE -DSTM32 -DSTM32F4 -DSTM32F411RETx -DSTM32F411xE -c -I../Inc -I"C:/Users/DANIE/OneDrive/Documents/GitHub/Robotica_dacardenasj/Base_FreeRTOS/ThirdParty/FreeRTOS/include" -I"C:/Users/DANIE/OneDrive/Documents/GitHub/Robotica_dacardenasj/Base_FreeRTOS/ThirdParty/FreeRTOS/portable/GCC/ARM_CM4F" -I"C:/Users/DANIE/OneDrive/Documents/GitHub/Robotica_dacardenasj/CMSIS-PeripheralDrivers/Inc" -I"C:/Users/DANIE/OneDrive/Documents/GitHub/Robotica_dacardenasj/Base_FreeRTOS/Core/Include" -I"C:/Users/DANIE/OneDrive/Documents/GitHub/Robotica_dacardenasj/Base_FreeRTOS/Device/ST/STM32F4xx/Include" -I"C:/Users/DANIE/OneDrive/Documents/GitHub/Robotica_dacardenasj/Prueba_SEGGER_PATCH/ThirdParty/SEGGER/SEGGER" -I"C:/Users/DANIE/OneDrive/Documents/GitHub/Robotica_dacardenasj/Prueba_SEGGER_PATCH/ThirdParty/SEGGER/Config" -I"C:/Users/DANIE/OneDrive/Documents/GitHub/Robotica_dacardenasj/Prueba_SEGGER_PATCH/ThirdParty/SEGGER/OS" -O0 -ffunction-sections -fdata-sections -Wall -fstack-usage -MMD -MP -MF"ThirdParty/FreeRTOS/croutine.d" -MT"ThirdParty/FreeRTOS/croutine.o" --specs=nano.specs -mfpu=fpv4-sp-d16 -mfloat-abi=hard -mthumb -o "ThirdParty/FreeRTOS/croutine.o"
arm-none-eabi-gcc "../ThirdParty/FreeRTOS/event_groups.c" -mcpu=cortex-m4 -std=gnu11 -g3 -DDEBUG -DNUCLEO_F411RE -DSTM32 -DSTM32F4 -DSTM32F411RETx -DSTM32F411xE -c -I../Inc -I"C:/Users/DANIE/OneDrive/Documents/GitHub/Robotica_dacardenasj/Base_FreeRTOS/ThirdParty/FreeRTOS/include" -I"C:/Users/DANIE/OneDrive/Documents/GitHub/Robotica_dacardenasj/Base_FreeRTOS/ThirdParty/FreeRTOS/portable/GCC/ARM_CM4F" -I"C:/Users/DANIE/OneDrive/Documents/GitHub/Robotica_dacardenasj/CMSIS-PeripheralDrivers/Inc" -I"C:/Users/DANIE/OneDrive/Documents/GitHub/Robotica_dacardenasj/Base_FreeRTOS/Core/Include" -I"C:/Users/DANIE/OneDrive/Documents/GitHub/Robotica_dacardenasj/Base_FreeRTOS/Device/ST/STM32F4xx/Include" -I"C:/Users/DANIE/OneDrive/Documents/GitHub/Robotica_dacardenasj/Prueba_SEGGER_PATCH/ThirdParty/SEGGER/SEGGER" -I"C:/Users/DANIE/OneDrive/Documents/GitHub/Robotica_dacardenasj/Prueba_SEGGER_PATCH/ThirdParty/SEGGER/Config" -I"C:/Users/DANIE/OneDrive/Documents/GitHub/Robotica_dacardenasj/Prueba_SEGGER_PATCH/ThirdParty/SEGGER/OS" -O0 -ffunction-sections -fdata-sections -Wall -fstack-usage -MMD -MP -MF"ThirdParty/FreeRTOS/event_groups.d" -MT"ThirdParty/FreeRTOS/event_groups.o" --specs=nano.specs -mfpu=fpv4-sp-d16 -mfloat-abi=hard -mthumb -o "ThirdParty/FreeRTOS/event_groups.o"
arm-none-eabi-gcc "../ThirdParty/FreeRTOS/list.c" -mcpu=cortex-m4 -std=gnu11 -g3 -DDEBUG -DNUCLEO_F411RE -DSTM32 -DSTM32F4 -DSTM32F411RETx -DSTM32F411xE -c -I../Inc -I"C:/Users/DANIE/OneDrive/Documents/GitHub/Robotica_dacardenasj/Base_FreeRTOS/ThirdParty/FreeRTOS/include" -I"C:/Users/DANIE/OneDrive/Documents/GitHub/Robotica_dacardenasj/Base_FreeRTOS/ThirdParty/FreeRTOS/portable/GCC/ARM_CM4F" -I"C:/Users/DANIE/OneDrive/Documents/GitHub/Robotica_dacardenasj/CMSIS-PeripheralDrivers/Inc" -I"C:/Users/DANIE/OneDrive/Documents/GitHub/Robotica_dacardenasj/Base_FreeRTOS/Core/Include" -I"C:/Users/DANIE/OneDrive/Documents/GitHub/Robotica_dacardenasj/Base_FreeRTOS/Device/ST/STM32F4xx/Include" -I"C:/Users/DANIE/OneDrive/Documents/GitHub/Robotica_dacardenasj/Prueba_SEGGER_PATCH/ThirdParty/SEGGER/SEGGER" -I"C:/Users/DANIE/OneDrive/Documents/GitHub/Robotica_dacardenasj/Prueba_SEGGER_PATCH/ThirdParty/SEGGER/Config" -I"C:/Users/DANIE/OneDrive/Documents/GitHub/Robotica_dacardenasj/Prueba_SEGGER_PATCH/ThirdParty/SEGGER/OS" -O0 -ffunction-sections -fdata-sections -Wall -fstack-usage -MMD -MP -MF"ThirdParty/FreeRTOS/list.d" -MT"ThirdParty/FreeRTOS/list.o" --specs=nano.specs -mfpu=fpv4-sp-d16 -mfloat-abi=hard -mthumb -o "ThirdParty/FreeRTOS/list.o"
arm-none-eabi-gcc "../ThirdParty/FreeRTOS/queue.c" -mcpu=cortex-m4 -std=gnu11 -g3 -DDEBUG -DNUCLEO_F411RE -DSTM32 -DSTM32F4 -DSTM32F411RETx -DSTM32F411xE -c -I../Inc -I"C:/Users/DANIE/OneDrive/Documents/GitHub/Robotica_dacardenasj/Base_FreeRTOS/ThirdParty/FreeRTOS/include" -I"C:/Users/DANIE/OneDrive/Documents/GitHub/Robotica_dacardenasj/Base_FreeRTOS/ThirdParty/FreeRTOS/portable/GCC/ARM_CM4F" -I"C:/Users/DANIE/OneDrive/Documents/GitHub/Robotica_dacardenasj/CMSIS-PeripheralDrivers/Inc" -I"C:/Users/DANIE/OneDrive/Documents/GitHub/Robotica_dacardenasj/Base_FreeRTOS/Core/Include" -I"C:/Users/DANIE/OneDrive/Documents/GitHub/Robotica_dacardenasj/Base_FreeRTOS/Device/ST/STM32F4xx/Include" -I"C:/Users/DANIE/OneDrive/Documents/GitHub/Robotica_dacardenasj/Prueba_SEGGER_PATCH/ThirdParty/SEGGER/SEGGER" -I"C:/Users/DANIE/OneDrive/Documents/GitHub/Robotica_dacardenasj/Prueba_SEGGER_PATCH/ThirdParty/SEGGER/Config" -I"C:/Users/DANIE/OneDrive/Documents/GitHub/Robotica_dacardenasj/Prueba_SEGGER_PATCH/ThirdParty/SEGGER/OS" -O0 -ffunction-sections -fdata-sections -Wall -fstack-usage -MMD -MP -MF"ThirdParty/FreeRTOS/queue.d" -MT"ThirdParty/FreeRTOS/queue.o" --specs=nano.specs -mfpu=fpv4-sp-d16 -mfloat-abi=hard -mthumb -o "ThirdParty/FreeRTOS/queue.o"
arm-none-eabi-gcc "../ThirdParty/FreeRTOS/stream_buffer.c" -mcpu=cortex-m4 -std=gnu11 -g3 -DDEBUG -DNUCLEO_F411RE -DSTM32 -DSTM32F4 -DSTM32F411RETx -DSTM32F411xE -c -I../Inc -I"C:/Users/DANIE/OneDrive/Documents/GitHub/Robotica_dacardenasj/Base_FreeRTOS/ThirdParty/FreeRTOS/include" -I"C:/Users/DANIE/OneDrive/Documents/GitHub/Robotica_dacardenasj/Base_FreeRTOS/ThirdParty/FreeRTOS/portable/GCC/ARM_CM4F" -I"C:/Users/DANIE/OneDrive/Documents/GitHub/Robotica_dacardenasj/CMSIS-PeripheralDrivers/Inc" -I"C:/Users/DANIE/OneDrive/Documents/GitHub/Robotica_dacardenasj/Base_FreeRTOS/Core/Include" -I"C:/Users/DANIE/OneDrive/Documents/GitHub/Robotica_dacardenasj/Base_FreeRTOS/Device/ST/STM32F4xx/Include" -I"C:/Users/DANIE/OneDrive/Documents/GitHub/Robotica_dacardenasj/Prueba_SEGGER_PATCH/ThirdParty/SEGGER/SEGGER" -I"C:/Users/DANIE/OneDrive/Documents/GitHub/Robotica_dacardenasj/Prueba_SEGGER_PATCH/ThirdParty/SEGGER/Config" -I"C:/Users/DANIE/OneDrive/Documents/GitHub/Robotica_dacardenasj/Prueba_SEGGER_PATCH/ThirdParty/SEGGER/OS" -O0 -ffunction-sections -fdata-sections -Wall -fstack-usage -MMD -MP -MF"ThirdParty/FreeRTOS/stream_buffer.d" -MT"ThirdParty/FreeRTOS/stream_buffer.o" --specs=nano.specs -mfpu=fpv4-sp-d16 -mfloat-abi=hard -mthumb -o "ThirdParty/FreeRTOS/stream_buffer.o"
arm-none-eabi-gcc "../ThirdParty/FreeRTOS/tasks.c" -mcpu=cortex-m4 -std=gnu11 -g3 -DDEBUG -DNUCLEO_F411RE -DSTM32 -DSTM32F4 -DSTM32F411RETx -DSTM32F411xE -c -I../Inc -I"C:/Users/DANIE/OneDrive/Documents/GitHub/Robotica_dacardenasj/Base_FreeRTOS/ThirdParty/FreeRTOS/include" -I"C:/Users/DANIE/OneDrive/Documents/GitHub/Robotica_dacardenasj/Base_FreeRTOS/ThirdParty/FreeRTOS/portable/GCC/ARM_CM4F" -I"C:/Users/DANIE/OneDrive/Documents/GitHub/Robotica_dacardenasj/CMSIS-PeripheralDrivers/Inc" -I"C:/Users/DANIE/OneDrive/Documents/GitHub/Robotica_dacardenasj/Base_FreeRTOS/Core/Include" -I"C:/Users/DANIE/OneDrive/Documents/GitHub/Robotica_dacardenasj/Base_FreeRTOS/Device/ST/STM32F4xx/Include" -I"C:/Users/DANIE/OneDrive/Documents/GitHub/Robotica_dacardenasj/Prueba_SEGGER_PATCH/ThirdParty/SEGGER/SEGGER" -I"C:/Users/DANIE/OneDrive/Documents/GitHub/Robotica_dacardenasj/Prueba_SEGGER_PATCH/ThirdParty/SEGGER/Config" -I"C:/Users/DANIE/OneDrive/Documents/GitHub/Robotica_dacardenasj/Prueba_SEGGER_PATCH/ThirdParty/SEGGER/OS" -O0 -ffunction-sections -fdata-sections -Wall -fstack-usage -MMD -MP -MF"ThirdParty/FreeRTOS/tasks.d" -MT"ThirdParty/FreeRTOS/tasks.o" --specs=nano.specs -mfpu=fpv4-sp-d16 -mfloat-abi=hard -mthumb -o "ThirdParty/FreeRTOS/tasks.o"
arm-none-eabi-gcc "../ThirdParty/FreeRTOS/timers.c" -mcpu=cortex-m4 -std=gnu11 -g3 -DDEBUG -DNUCLEO_F411RE -DSTM32 -DSTM32F4 -DSTM32F411RETx -DSTM32F411xE -c -I../Inc -I"C:/Users/DANIE/OneDrive/Documents/GitHub/Robotica_dacardenasj/Base_FreeRTOS/ThirdParty/FreeRTOS/include" -I"C:/Users/DANIE/OneDrive/Documents/GitHub/Robotica_dacardenasj/Base_FreeRTOS/ThirdParty/FreeRTOS/portable/GCC/ARM_CM4F" -I"C:/Users/DANIE/OneDrive/Documents/GitHub/Robotica_dacardenasj/CMSIS-PeripheralDrivers/Inc" -I"C:/Users/DANIE/OneDrive/Documents/GitHub/Robotica_dacardenasj/Base_FreeRTOS/Core/Include" -I"C:/Users/DANIE/OneDrive/Documents/GitHub/Robotica_dacardenasj/Base_FreeRTOS/Device/ST/STM32F4xx/Include" -I"C:/Users/DANIE/OneDrive/Documents/GitHub/Robotica_dacardenasj/Prueba_SEGGER_PATCH/ThirdParty/SEGGER/SEGGER" -I"C:/Users/DANIE/OneDrive/Documents/GitHub/Robotica_dacardenasj/Prueba_SEGGER_PATCH/ThirdParty/SEGGER/Config" -I"C:/Users/DANIE/OneDrive/Documents/GitHub/Robotica_dacardenasj/Prueba_SEGGER_PATCH/ThirdParty/SEGGER/OS" -O0 -ffunction-sections -fdata-sections -Wall -fstack-usage -MMD -MP -MF"ThirdParty/FreeRTOS/timers.d" -MT"ThirdParty/FreeRTOS/timers.o" --specs=nano.specs -mfpu=fpv4-sp-d16 -mfloat-abi=hard -mthumb -o "ThirdParty/FreeRTOS/timers.o"
arm-none-eabi-gcc -mcpu=cortex-m4 -g3 -DDEBUG -c -I"C:/Users/DANIE/OneDrive/Documents/GitHub/Robotica_dacardenasj/Prueba_SEGGER_PATCH/ThirdParty/SEGGER/Config" -x assembler-with-cpp -MMD -MP -MF"Startup/startup_stm32f411retx.d" -MT"Startup/startup_stm32f411retx.o" --specs=nano.specs -mfpu=fpv4-sp-d16 -mfloat-abi=hard -mthumb -o "Startup/startup_stm32f411retx.o" "../Startup/startup_stm32f411retx.s"
arm-none-eabi-gcc "../Src/main.c" -mcpu=cortex-m4 -std=gnu11 -g3 -DDEBUG -DNUCLEO_F411RE -DSTM32 -DSTM32F4 -DSTM32F411RETx -DSTM32F411xE -c -I../Inc -I"C:/Users/DANIE/OneDrive/Documents/GitHub/Robotica_dacardenasj/Base_FreeRTOS/ThirdParty/FreeRTOS/include" -I"C:/Users/DANIE/OneDrive/Documents/GitHub/Robotica_dacardenasj/Base_FreeRTOS/ThirdParty/FreeRTOS/portable/GCC/ARM_CM4F" -I"C:/Users/DANIE/OneDrive/Documents/GitHub/Robotica_dacardenasj/CMSIS-PeripheralDrivers/Inc" -I"C:/Users/DANIE/OneDrive/Documents/GitHub/Robotica_dacardenasj/Base_FreeRTOS/Core/Include" -I"C:/Users/DANIE/OneDrive/Documents/GitHub/Robotica_dacardenasj/Base_FreeRTOS/Device/ST/STM32F4xx/Include" -I"C:/Users/DANIE/OneDrive/Documents/GitHub/Robotica_dacardenasj/Prueba_SEGGER_PATCH/ThirdParty/SEGGER/SEGGER" -I"C:/Users/DANIE/OneDrive/Documents/GitHub/Robotica_dacardenasj/Prueba_SEGGER_PATCH/ThirdParty/SEGGER/Config" -I"C:/Users/DANIE/OneDrive/Documents/GitHub/Robotica_dacardenasj/Prueba_SEGGER_PATCH/ThirdParty/SEGGER/OS" -O0 -ffunction-sections -fdata-sections -Wall -fstack-usage -MMD -MP -MF"Src/main.d" -MT"Src/main.o" --specs=nano.specs -mfpu=fpv4-sp-d16 -mfloat-abi=hard -mthumb -o "Src/main.o"
arm-none-eabi-gcc "../Src/syscalls.c" -mcpu=cortex-m4 -std=gnu11 -g3 -DDEBUG -DNUCLEO_F411RE -DSTM32 -DSTM32F4 -DSTM32F411RETx -DSTM32F411xE -c -I../Inc -I"C:/Users/DANIE/OneDrive/Documents/GitHub/Robotica_dacardenasj/Base_FreeRTOS/ThirdParty/FreeRTOS/include" -I"C:/Users/DANIE/OneDrive/Documents/GitHub/Robotica_dacardenasj/Base_FreeRTOS/ThirdParty/FreeRTOS/portable/GCC/ARM_CM4F" -I"C:/Users/DANIE/OneDrive/Documents/GitHub/Robotica_dacardenasj/CMSIS-PeripheralDrivers/Inc" -I"C:/Users/DANIE/OneDrive/Documents/GitHub/Robotica_dacardenasj/Base_FreeRTOS/Core/Include" -I"C:/Users/DANIE/OneDrive/Documents/GitHub/Robotica_dacardenasj/Base_FreeRTOS/Device/ST/STM32F4xx/Include" -I"C:/Users/DANIE/OneDrive/Documents/GitHub/Robotica_dacardenasj/Prueba_SEGGER_PATCH/ThirdParty/SEGGER/SEGGER" -I"C:/Users/DANIE/OneDrive/Documents/GitHub/Robotica_dacardenasj/Prueba_SEGGER_PATCH/ThirdParty/SEGGER/Config" -I"C:/Users/DANIE/OneDrive/Documents/GitHub/Robotica_dacardenasj/Prueba_SEGGER_PATCH/ThirdParty/SEGGER/OS" -O0 -ffunction-sections -fdata-sections -Wall -fstack-usage -MMD -MP -MF"Src/syscalls.d" -MT"Src/syscalls.o" --specs=nano.specs -mfpu=fpv4-sp-d16 -mfloat-abi=hard -mthumb -o "Src/syscalls.o"
arm-none-eabi-gcc -o "Prueba_SEGGER_PATCH.elf" @"objects.list"  -lCMSIS-PeripheralDrivers -mcpu=cortex-m4 -T"C:\Users\DANIE\OneDrive\Documents\GitHub\Robotica_dacardenasj\Prueba_SEGGER_PATCH\STM32F411RETX_FLASH.ld" --specs=nosys.specs -Wl,-Map="Prueba_SEGGER_PATCH.map" -Wl,--gc-sections -static -L"C:\Users\DANIE\OneDrive\Documents\GitHub\Robotica_dacardenasj\CMSIS-PeripheralDrivers\Debug" --specs=nano.specs -mfpu=fpv4-sp-d16 -mfloat-abi=hard -mthumb -Wl,--start-group -lc -lm -Wl,--end-group
Finished building target: Prueba_SEGGER_PATCH.elf
 
arm-none-eabi-size   Prueba_SEGGER_PATCH.elf 
arm-none-eabi-objdump -h -S  Prueba_SEGGER_PATCH.elf  > "Prueba_SEGGER_PATCH.list"
   text	   data	    bss	    dec	    hex	filename
  32020	    128	  81568	 113716	  1bc34	Prueba_SEGGER_PATCH.elf
Finished building: default.size.stdout
 
Finished building: Prueba_SEGGER_PATCH.list
 

08:40:39 Build Finished. 0 errors, 0 warnings. (took 1s.331ms)

